Component: Arm Compiler for Embedded 6.24 Tool: armlink [5f371500]

==============================================================================

Section Cross References

    startup_stm32f103xb.o(STACK) refers (Special) to heapauxi.o(.text) for __use_two_region_memory
    startup_stm32f103xb.o(HEAP) refers (Special) to heapauxi.o(.text) for __use_two_region_memory
    startup_stm32f103xb.o(RESET) refers (Special) to heapauxi.o(.text) for __use_two_region_memory
    startup_stm32f103xb.o(RESET) refers to startup_stm32f103xb.o(STACK) for __initial_sp
    startup_stm32f103xb.o(RESET) refers to startup_stm32f103xb.o(.text) for Reset_Handler
    startup_stm32f103xb.o(RESET) refers to stm32f1xx_it.o(.text.NMI_Handler) for NMI_Handler
    startup_stm32f103xb.o(RESET) refers to stm32f1xx_it.o(.text.HardFault_Handler) for HardFault_Handler
    startup_stm32f103xb.o(RESET) refers to stm32f1xx_it.o(.text.MemManage_Handler) for MemManage_Handler
    startup_stm32f103xb.o(RESET) refers to stm32f1xx_it.o(.text.BusFault_Handler) for BusFault_Handler
    startup_stm32f103xb.o(RESET) refers to stm32f1xx_it.o(.text.UsageFault_Handler) for UsageFault_Handler
    startup_stm32f103xb.o(RESET) refers to stm32f1xx_it.o(.text.SVC_Handler) for SVC_Handler
    startup_stm32f103xb.o(RESET) refers to stm32f1xx_it.o(.text.DebugMon_Handler) for DebugMon_Handler
    startup_stm32f103xb.o(RESET) refers to stm32f1xx_it.o(.text.PendSV_Handler) for PendSV_Handler
    startup_stm32f103xb.o(RESET) refers to stm32f1xx_it.o(.text.SysTick_Handler) for SysTick_Handler
    startup_stm32f103xb.o(.text) refers (Special) to heapauxi.o(.text) for __use_two_region_memory
    startup_stm32f103xb.o(.text) refers to system_stm32f1xx.o(.text.SystemInit) for SystemInit
    startup_stm32f103xb.o(.text) refers to __main.o(!!!main) for __main
    startup_stm32f103xb.o(.text) refers to startup_stm32f103xb.o(HEAP) for Heap_Mem
    startup_stm32f103xb.o(.text) refers to startup_stm32f103xb.o(STACK) for Stack_Mem
    fonts.o(.data.Font_7x10) refers to fonts.o(.rodata.Font7x10) for [Anonymous Symbol]
    fonts.o(.data.Font_11x18) refers to fonts.o(.rodata.Font11x18) for [Anonymous Symbol]
    fonts.o(.data.Font_16x26) refers to fonts.o(.rodata.Font16x26) for [Anonymous Symbol]
    rc522.o(.text.RC522_SPI_Transfer) refers to main.o(.bss.hspi2) for hspi2
    rc522.o(.text.RC522_SPI_Transfer) refers to stm32f1xx_hal_spi.o(.text.HAL_SPI_TransmitReceive) for HAL_SPI_TransmitReceive
    rc522.o(.ARM.exidx.text.RC522_SPI_Transfer) refers to rc522.o(.text.RC522_SPI_Transfer) for [Anonymous Symbol]
    rc522.o(.text.Write_MFRC522) refers to stm32f1xx_hal_gpio.o(.text.HAL_GPIO_WritePin) for HAL_GPIO_WritePin
    rc522.o(.text.Write_MFRC522) refers to main.o(.bss.hspi2) for hspi2
    rc522.o(.text.Write_MFRC522) refers to stm32f1xx_hal_spi.o(.text.HAL_SPI_TransmitReceive) for HAL_SPI_TransmitReceive
    rc522.o(.ARM.exidx.text.Write_MFRC522) refers to rc522.o(.text.Write_MFRC522) for [Anonymous Symbol]
    rc522.o(.text.Read_MFRC522) refers to stm32f1xx_hal_gpio.o(.text.HAL_GPIO_WritePin) for HAL_GPIO_WritePin
    rc522.o(.text.Read_MFRC522) refers to main.o(.bss.hspi2) for hspi2
    rc522.o(.text.Read_MFRC522) refers to stm32f1xx_hal_spi.o(.text.HAL_SPI_TransmitReceive) for HAL_SPI_TransmitReceive
    rc522.o(.ARM.exidx.text.Read_MFRC522) refers to rc522.o(.text.Read_MFRC522) for [Anonymous Symbol]
    rc522.o(.text.SetBitMask) refers to stm32f1xx_hal_gpio.o(.text.HAL_GPIO_WritePin) for HAL_GPIO_WritePin
    rc522.o(.text.SetBitMask) refers to main.o(.bss.hspi2) for hspi2
    rc522.o(.text.SetBitMask) refers to stm32f1xx_hal_spi.o(.text.HAL_SPI_TransmitReceive) for HAL_SPI_TransmitReceive
    rc522.o(.ARM.exidx.text.SetBitMask) refers to rc522.o(.text.SetBitMask) for [Anonymous Symbol]
    rc522.o(.text.ClearBitMask) refers to stm32f1xx_hal_gpio.o(.text.HAL_GPIO_WritePin) for HAL_GPIO_WritePin
    rc522.o(.text.ClearBitMask) refers to main.o(.bss.hspi2) for hspi2
    rc522.o(.text.ClearBitMask) refers to stm32f1xx_hal_spi.o(.text.HAL_SPI_TransmitReceive) for HAL_SPI_TransmitReceive
    rc522.o(.ARM.exidx.text.ClearBitMask) refers to rc522.o(.text.ClearBitMask) for [Anonymous Symbol]
    rc522.o(.text.AntennaOn) refers to stm32f1xx_hal_gpio.o(.text.HAL_GPIO_WritePin) for HAL_GPIO_WritePin
    rc522.o(.text.AntennaOn) refers to main.o(.bss.hspi2) for hspi2
    rc522.o(.text.AntennaOn) refers to stm32f1xx_hal_spi.o(.text.HAL_SPI_TransmitReceive) for HAL_SPI_TransmitReceive
    rc522.o(.text.AntennaOn) refers to rc522.o(.text.SetBitMask) for SetBitMask
    rc522.o(.ARM.exidx.text.AntennaOn) refers to rc522.o(.text.AntennaOn) for [Anonymous Symbol]
    rc522.o(.text.AntennaOff) refers to rc522.o(.text.ClearBitMask) for ClearBitMask
    rc522.o(.ARM.exidx.text.AntennaOff) refers to rc522.o(.text.AntennaOff) for [Anonymous Symbol]
    rc522.o(.text.MFRC522_Reset) refers to stm32f1xx_hal_gpio.o(.text.HAL_GPIO_WritePin) for HAL_GPIO_WritePin
[...]
    [Anonymous Symbol]                       0x08005e48   Section        0  ui.o(.text.UI_MoveAction)
    [Anonymous Symbol]                       0x08005e98   Section        0  ui.o(.text.UI_MoveBattleSkill)
    [Anonymous Symbol]                       0x08005ef8   Section        0  ui.o(.text.UI_MoveBuyPotion)
    [Anonymous Symbol]                       0x08005fc8   Section        0  ui.o(.text.UI_MoveBuyStats)
    [Anonymous Symbol]                       0x08006090   Section        0  ui.o(.text.UI_MoveMode)
    [Anonymous Symbol]                       0x080060e0   Section        0  ui.o(.text.UI_MoveOption)
    [Anonymous Symbol]                       0x08006130   Section        0  ui.o(.text.UI_MovePotionMenu)
    [Anonymous Symbol]                       0x08006240   Section        0  ui.o(.text.UI_MoveShopMenu)
    [Anonymous Symbol]                       0x080062a0   Section        0  ui.o(.text.UI_PlayerStats)
    [Anonymous Symbol]                       0x0800636c   Section        0  ui.o(.text.UI_ResetStat)
    UI_ShowCampaign                          0x08006425   Thumb Code   142  ui.o(.text.UI_ShowCampaign)
    [Anonymous Symbol]                       0x08006424   Section        0  ui.o(.text.UI_ShowCampaign)
    UI_ShowEndless                           0x080064b5   Thumb Code   212  ui.o(.text.UI_ShowEndless)
    [Anonymous Symbol]                       0x080064b4   Section        0  ui.o(.text.UI_ShowEndless)
    [Anonymous Symbol]                       0x08006590   Section        0  ui.o(.text.UI_ShowSetting)
    [Anonymous Symbol]                       0x08006800   Section        0  stm32f1xx_it.o(.text.UsageFault_Handler)
    [Anonymous Symbol]                       0x08006804   Section        0  user.o(.text.User_FindUid)
    [Anonymous Symbol]                       0x0800686c   Section        0  main.o(.text.main)
    i._is_digit                              0x08006b18   Section        0  __printf_wp.o(i._is_digit)
    locale$$code                             0x08006b28   Section       44  lc_ctype_c.o(locale$$code)
    initial_mbstate                          0x08006b54   Data           8  _printf_wctomb.o(.constdata)
    .constdata                               0x08006b54   Section        8  _printf_wctomb.o(.constdata)
    uc_hextab                                0x08006b5c   Data          20  _printf_hex_int.o(.constdata)
    .constdata                               0x08006b5c   Section       40  _printf_hex_int.o(.constdata)
    lc_hextab                                0x08006b70   Data          20  _printf_hex_int.o(.constdata)
    maptable                                 0x08006b84   Data          17  __printf_flags_ss_wp.o(.constdata)
    .constdata                               0x08006b84   Section       17  __printf_flags_ss_wp.o(.constdata)
    Font11x18                                0x08006ba6   Data        3420  fonts.o(.rodata.Font11x18)
    [Anonymous Symbol]                       0x08006ba6   Section        0  fonts.o(.rodata.Font11x18)
    Font16x26                                0x08007902   Data        4940  fonts.o(.rodata.Font16x26)
    [Anonymous Symbol]                       0x08007902   Section        0  fonts.o(.rodata.Font16x26)
    Font7x10                                 0x08008c4e   Data        1900  fonts.o(.rodata.Font7x10)
    [Anonymous Symbol]                       0x08008c4e   Section        0  fonts.o(.rodata.Font7x10)
    HAL_RCC_GetSysClockFreq.aPredivFactorTable 0x080093ba   Data           2  stm32f1xx_hal_rcc.o(.rodata.HAL_RCC_GetSysClockFreq.aPredivFactorTable)
    [Anonymous Symbol]                       0x080093ba   Section        0  stm32f1xx_hal_rcc.o(.rodata.HAL_RCC_GetSysClockFreq.aPredivFactorTable)
    HAL_RCC_GetSysClockFreq.aPLLMULFactorTable 0x080093bc   Data          16  stm32f1xx_hal_rcc.o(.rodata.cst16)
    [Anonymous Symbol]                       0x080093bc   Section        0  stm32f1xx_hal_rcc.o(.rodata.cst16)
    .L.str.31                                0x080093cc   Data           6  lcd.o(.rodata.str1.1)
    [Anonymous Symbol]                       0x080093cc   Section        0  lcd.o(.rodata.str1.1)
    .L.str.30                                0x080093d2   Data           5  lcd.o(.rodata.str1.1)
    .L.str.33                                0x080093d7   Data           6  lcd.o(.rodata.str1.1)
    .L.str                                   0x080093dd   Data          10  lcd.o(.rodata.str1.1)
    .L.str.6                                 0x080093e7   Data           7  lcd.o(.rodata.str1.1)
    .L.str.4                                 0x080093ee   Data           8  lcd.o(.rodata.str1.1)
    .L.str.8                                 0x080093f6   Data           5  lcd.o(.rodata.str1.1)
    .L.str.1                                 0x080093fb   Data           9  lcd.o(.rodata.str1.1)
    .L.str.10                                0x08009404   Data          11  lcd.o(.rodata.str1.1)
    .L.str.51                                0x0800940f   Data           3  lcd.o(.rodata.str1.1)
    .L.str.3                                 0x08009412   Data           5  lcd.o(.rodata.str1.1)
    .L.str.7                                 0x08009417   Data           8  lcd.o(.rodata.str1.1)
    .L.str.50                                0x0800941f   Data           4  lcd.o(.rodata.str1.1)
    .L.str.2                                 0x08009423   Data           8  lcd.o(.rodata.str1.1)
    .L.str.11                                0x0800942b   Data          10  lcd.o(.rodata.str1.1)
    .L.str.35                                0x08009435   Data           5  lcd.o(.rodata.str1.1)
    .L.str.27                                0x0800943a   Data          10  lcd.o(.rodata.str1.1)
    .L.str.26                                0x08009444   Data           9  lcd.o(.rodata.str1.1)
    .L.str.28                                0x0800944d   Data           8  lcd.o(.rodata.str1.1)
    .L.str.29                                0x08009455   Data           9  lcd.o(.rodata.str1.1)
    .L.str.16                                0x0800945e   Data          10  lcd.o(.rodata.str1.1)
    .L.str.18                                0x08009468   Data          12  lcd.o(.rodata.str1.1)
    .L.str.17                                0x08009474   Data          11  lcd.o(.rodata.str1.1)
    .L.str.21                                0x0800947f   Data          16  lcd.o(.rodata.str1.1)
    .L.str.19                                0x0800948f   Data          16  lcd.o(.rodata.str1.1)
    .L.str.22                                0x0800949f   Data          17  lcd.o(.rodata.str1.1)
    .L.str.20                                0x080094b0   Data          19  lcd.o(.rodata.str1.1)
    .L.str.15                                0x080094c3   Data          11  lcd.o(.rodata.str1.1)
    .L.str.38                                0x080094ce   Data          20  lcd.o(.rodata.str1.1)
    .L.str.40                                0x080094e2   Data          20  lcd.o(.rodata.str1.1)
    .L.str.41                                0x080094f6   Data          20  lcd.o(.rodata.str1.1)
    .L.str.39                                0x0800950a   Data          20  lcd.o(.rodata.str1.1)
    .L.str.9                                 0x0800951e   Data          10  lcd.o(.rodata.str1.1)
    .L.str.14                                0x08009528   Data          12  ui.o(.rodata.str1.1)
    [Anonymous Symbol]                       0x08009528   Section        0  ui.o(.rodata.str1.1)
    .L.str.6                                 0x08009534   Data           9  ui.o(.rodata.str1.1)
    .L.str.8                                 0x0800953d   Data           7  ui.o(.rodata.str1.1)
    .L.str.7                                 0x08009544   Data           7  ui.o(.rodata.str1.1)
    .L.str.9                                 0x0800954b   Data           7  ui.o(.rodata.str1.1)
    .L.str.10                                0x08009552   Data           6  ui.o(.rodata.str1.1)
    .L.str.1                                 0x08009558   Data           8  ui.o(.rodata.str1.1)
    .L.str                                   0x0800955c   Data           4  ui.o(.rodata.str1.1)
    .L.str.2                                 0x08009560   Data           4  ui.o(.rodata.str1.1)
    .L.str.5                                 0x08009564   Data           9  ui.o(.rodata.str1.1)
    locale$$data                             0x08009590   Section      272  lc_ctype_c.o(locale$$data)
    __lcctype_c_name                         0x08009594   Data           2  lc_ctype_c.o(locale$$data)
    __lcctype_c_start                        0x0800959c   Data           0  lc_ctype_c.o(locale$$data)
    __lcctype_c_end                          0x080096a0   Data           0  lc_ctype_c.o(locale$$data)
    .L_MergedGlobals                         0x20000000   Data           8  stm32f1xx_hal.o(.data..L_MergedGlobals)
    [Anonymous Symbol]                       0x20000000   Section        0  stm32f1xx_hal.o(.data..L_MergedGlobals)
    .L_MergedGlobals                         0x20000008   Data          17  button.o(.data..L_MergedGlobals)
    button_info.2                            0x20000008   Data           1  button.o(.data..L_MergedGlobals)
    [Anonymous Symbol]                       0x20000008   Section        0  button.o(.data..L_MergedGlobals)
    button_info.3                            0x2000000c   Data           1  button.o(.data..L_MergedGlobals)
    button_info.7                            0x2000000e   Data           1  button.o(.data..L_MergedGlobals)
    button_info.8                            0x20000010   Data           1  button.o(.data..L_MergedGlobals)
    button_info.12                           0x20000012   Data           1  button.o(.data..L_MergedGlobals)
    button_info.13                           0x20000014   Data           1  button.o(.data..L_MergedGlobals)
    button_info.17                           0x20000016   Data           1  button.o(.data..L_MergedGlobals)
    button_info.18                           0x20000018   Data           1  button.o(.data..L_MergedGlobals)
    .L_MergedGlobals                         0x2000001c   Data         108  player.o(.data..L_MergedGlobals)
    [Anonymous Symbol]                       0x2000001c   Section        0  player.o(.data..L_MergedGlobals)
    .L_MergedGlobals                         0x20000088   Data           9  ui.o(.data..L_MergedGlobals)
    [Anonymous Symbol]                       0x20000088   Section        0  ui.o(.data..L_MergedGlobals)
    select_option                            0x2000008c   Data           1  ui.o(.data..L_MergedGlobals)
    shop_potion_stock                        0x2000008d   Data           4  ui.o(.data..L_MergedGlobals)
    .L_MergedGlobals                         0x20000091   Data          51  user.o(.data..L_MergedGlobals)
    [Anonymous Symbol]                       0x20000091   Section        0  user.o(.data..L_MergedGlobals)
    .bss                                     0x200006b8   Section      228  rand.o(.bss)
    .bss                                     0x2000079c   Section       96  libspace.o(.bss)
    .L_MergedGlobals.1                       0x200007fc   Data          20  button.o(.bss..L_MergedGlobals.1)
    button_state.0                           0x200007fc   Data           1  button.o(.bss..L_MergedGlobals.1)
    [Anonymous Symbol]                       0x200007fc   Section        0  button.o(.bss..L_MergedGlobals.1)
    button_state.1                           0x200007fd   Data           1  button.o(.bss..L_MergedGlobals.1)
    button_state.2                           0x200007fe   Data           1  button.o(.bss..L_MergedGlobals.1)
    button_state.3                           0x200007ff   Data           1  button.o(.bss..L_MergedGlobals.1)
    button_info.4                            0x20000800   Data           4  button.o(.bss..L_MergedGlobals.1)
    button_info.9                            0x20000804   Data           4  button.o(.bss..L_MergedGlobals.1)
    button_info.14                           0x20000808   Data           4  button.o(.bss..L_MergedGlobals.1)
    button_info.19                           0x2000080c   Data           4  button.o(.bss..L_MergedGlobals.1)
    .L_MergedGlobals.27                      0x20000810   Data         124  ui.o(.bss..L_MergedGlobals.27)
    [Anonymous Symbol]                       0x20000810   Section        0  ui.o(.bss..L_MergedGlobals.27)
    battle_mode                              0x20000814   Data           1  ui.o(.bss..L_MergedGlobals.27)
    gameover_select_locked                   0x20000815   Data           1  ui.o(.bss..L_MergedGlobals.27)
    select_locked                            0x20000816   Data           1  ui.o(.bss..L_MergedGlobals.27)
    map_endless                              0x20000818   Data           4  ui.o(.bss..L_MergedGlobals.27)
    battle_player                            0x2000081c   Data           4  ui.o(.bss..L_MergedGlobals.27)
    battle_monster                           0x20000820   Data           4  ui.o(.bss..L_MergedGlobals.27)
    campaign_players                         0x20000824   Data         104  ui.o(.bss..L_MergedGlobals.27)
    current_battle                           0x2000088c   Data          28  battle.o(.bss.current_battle)
    [Anonymous Symbol]                       0x2000088c   Section        0  battle.o(.bss.current_battle)
    endless_players                          0x200008ac   Data         104  ui.o(.bss.endless_players)
    [Anonymous Symbol]                       0x200008ac   Section        0  ui.o(.bss.endless_players)
    player_counter_temp_damage               0x200009c4   Data           2  player.o(.bss.player_counter_temp_damage)
    [Anonymous Symbol]                       0x200009c4   Section        0  player.o(.bss.player_counter_temp_damage)
    player_freeze_temp                       0x200009c6   Data           1  player.o(.bss.player_freeze_temp)
    [Anonymous Symbol]                       0x200009c6   Section        0  player.o(.bss.player_freeze_temp)
    Heap_Mem                                 0x200009d0   Data         512  startup_stm32f103xb.o(HEAP)
    HEAP                                     0x200009d0   Section      512  startup_stm32f103xb.o(HEAP)
    Stack_Mem                                0x20000bd0   Data        1024  startup_stm32f103xb.o(STACK)
    STACK                                    0x20000bd0   Section     1024  startup_stm32f103xb.o(STACK)
    __initial_sp                             0x20000fd0   Data           0  startup_stm32f103xb.o(STACK)

    Global Symbols

    Symbol Name                              Value     Ov Type        Size  Object(Section)

    BuildAttributes$$THM_ISAv4$P$D$K$B$S$PE$A:L22UL41UL21$X:L11$S22US41US21$IEEE1$IW$~IW$USESV6$~STKCKD$USESV7$~SHL$OTIME$ROPI$EBA8$UX$STANDARDLIB$REQ8$PRES8$EABIv2 0x00000000   Number         0  anon$$obj.o ABSOLUTE
    __fp_init_empty                          0x00000000   Number         0  fpinit_empty.o ABSOLUTE
    _printf_flags                            0x00000000   Number         0  printf_stubs.o ABSOLUTE
    _printf_return_value                     0x00000000   Number         0  printf_stubs.o ABSOLUTE
    _printf_sizespec                         0x00000000   Number         0  printf_stubs.o ABSOLUTE
    _printf_widthprec                        0x00000000   Number         0  printf_stubs.o ABSOLUTE
    __ARM_exceptions_init                     - Undefined Weak Reference
    __alloca_initialize                       - Undefined Weak Reference
    __arm_preinit_                            - Undefined Weak Reference
    __arm_relocate_pie_                       - Undefined Weak Reference
    __cpp_initialize__aeabi_                  - Undefined Weak Reference
    __cxa_finalize                            - Undefined Weak Reference
    __sigvec_lookup                           - Undefined Weak Reference
    _atexit_init                              - Undefined Weak Reference
    _call_atexit_fns                          - Undefined Weak Reference
    _clock_init                               - Undefined Weak Reference
    _fp_trap_init                             - Undefined Weak Reference
    _fp_trap_shutdown                         - Undefined Weak Reference
    _get_lc_collate                           - Undefined Weak Reference
    _get_lc_monetary                          - Undefined Weak Reference
    _get_lc_numeric                           - Undefined Weak Reference
    _get_lc_time                              - Undefined Weak Reference
    _getenv_init                              - Undefined Weak Reference
    _handle_redirection                       - Undefined Weak Reference
    _init_alloc                               - Undefined Weak Reference
    _init_user_alloc                          - Undefined Weak Reference
    _initio                                   - Undefined Weak Reference
    _printf_mbtowc                            - Undefined Weak Reference
    _printf_wc                                - Undefined Weak Reference
    _signal_finish                            - Undefined Weak Reference
    _signal_init                              - Undefined Weak Reference
    _terminate_alloc                          - Undefined Weak Reference
    _terminate_user_alloc                     - Undefined Weak Reference
    _terminateio                              - Undefined Weak Reference
    __Vectors_Size                           0x000000ec   Number         0  startup_stm32f103xb.o ABSOLUTE
    __Vectors                                0x08000000   Data           4  startup_stm32f103xb.o(RESET)
    __Vectors_End                            0x080000ec   Data           0  startup_stm32f103xb.o(RESET)
    __main                                   0x080000ed   Thumb Code     8  __main.o(!!!main)
    __scatterload                            0x080000f5   Thumb Code     0  __scatter.o(!!!scatter)
    __scatterload_rt2                        0x080000f5   Thumb Code    84  __scatter.o(!!!scatter)
    __scatterload_rt2_thumb_only             0x080000f5   Thumb Code     0  __scatter.o(!!!scatter)
    __scatterload_loop                       0x080000ff   Thumb Code     0  __scatter.o(!!!scatter)
    __decompress                             0x08000151   Thumb Code    90  __dczerorl2.o(!!dczerorl2)
    __decompress1                            0x08000151   Thumb Code     0  __dczerorl2.o(!!dczerorl2)
    __scatterload_null                       0x080001ad   Thumb Code     2  __scatter.o(!!handler_null)
    __scatterload_zeroinit                   0x080001b1   Thumb Code    28  __scatter_zi.o(!!handler_zi)
    _printf_i                                0x080001cd   Thumb Code     0  _printf_i.o(.ARM.Collect$$_printf_percent$$00000008)
    _printf_percent                          0x080001cd   Thumb Code     0  _printf_percent.o(.ARM.Collect$$_printf_percent$$00000000)
    _printf_d                                0x080001d3   Thumb Code     0  _printf_d.o(.ARM.Collect$$_printf_percent$$00000009)
    _printf_u                                0x080001d9   Thumb Code     0  _printf_u.o(.ARM.Collect$$_printf_percent$$0000000A)
    _printf_o                                0x080001df   Thumb Code     0  _printf_o.o(.ARM.Collect$$_printf_percent$$0000000B)
    _printf_x                                0x080001e5   Thumb Code     0  _printf_x.o(.ARM.Collect$$_printf_percent$$0000000C)
    _printf_l                                0x080001eb   Thumb Code     0  _printf_l.o(.ARM.Collect$$_printf_percent$$00000012)
    _printf_c                                0x080001f5   Thumb Code     0  _printf_c.o(.ARM.Collect$$_printf_percent$$00000013)
    _printf_s                                0x080001fb   Thumb Code     0  _printf_s.o(.ARM.Collect$$_printf_percent$$00000014)
    _printf_lc                               0x08000201   Thumb Code     0  _printf_lc.o(.ARM.Collect$$_printf_percent$$00000015)
    _printf_percent_end                      0x08000207   Thumb Code     0  _printf_percent_end.o(.ARM.Collect$$_printf_percent$$00000017)
    __rt_lib_init                            0x0800020b   Thumb Code     0  libinit.o(.ARM.Collect$$libinit$$00000000)
    __rt_lib_init_fp_1                       0x0800020d   Thumb Code     0  libinit2.o(.ARM.Collect$$libinit$$00000002)
    __rt_lib_init_heap_1                     0x0800020d   Thumb Code     0  libinit2.o(.ARM.Collect$$libinit$$0000000C)
    __rt_lib_init_preinit_1                  0x0800020d   Thumb Code     0  libinit2.o(.ARM.Collect$$libinit$$00000006)
    __rt_lib_init_rand_2                     0x0800020d   Thumb Code     0  libinit2.o(.ARM.Collect$$libinit$$0000000F)
    __rt_lib_init_relocate_pie_1             0x0800020d   Thumb Code     0  libinit2.o(.ARM.Collect$$libinit$$00000004)
    __rt_lib_init_user_alloc_1               0x0800020d   Thumb Code     0  libinit2.o(.ARM.Collect$$libinit$$0000000E)
    __rt_lib_init_lc_common                  0x08000211   Thumb Code     0  libinit2.o(.ARM.Collect$$libinit$$00000011)
    __rt_lib_init_rand_1                     0x08000211   Thumb Code     0  libinit2.o(.ARM.Collect$$libinit$$00000010)
    __rt_lib_init_lc_collate_1               0x08000217   Thumb Code     0  libinit2.o(.ARM.Collect$$libinit$$00000013)
    __rt_lib_init_lc_ctype_2                 0x08000217   Thumb Code     0  libinit2.o(.ARM.Collect$$libinit$$00000014)
    __rt_lib_init_alloca_1                   0x08000223   Thumb Code     0  libinit2.o(.ARM.Collect$$libinit$$00000030)
    __rt_lib_init_argv_1                     0x08000223   Thumb Code     0  libinit2.o(.ARM.Collect$$libinit$$0000002E)
    __rt_lib_init_atexit_1                   0x08000223   Thumb Code     0  libinit2.o(.ARM.Collect$$libinit$$0000001D)
    __rt_lib_init_clock_1                    0x08000223   Thumb Code     0  libinit2.o(.ARM.Collect$$libinit$$00000023)
    __rt_lib_init_cpp_1                      0x08000223   Thumb Code     0  libinit2.o(.ARM.Collect$$libinit$$00000034)
    __rt_lib_init_exceptions_1               0x08000223   Thumb Code     0  libinit2.o(.ARM.Collect$$libinit$$00000032)
    __rt_lib_init_fp_trap_1                  0x08000223   Thumb Code     0  libinit2.o(.ARM.Collect$$libinit$$00000021)
    __rt_lib_init_getenv_1                   0x08000223   Thumb Code     0  libinit2.o(.ARM.Collect$$libinit$$00000025)
    __rt_lib_init_lc_ctype_1                 0x08000223   Thumb Code     0  libinit2.o(.ARM.Collect$$libinit$$00000015)
    __rt_lib_init_lc_monetary_1              0x08000223   Thumb Code     0  libinit2.o(.ARM.Collect$$libinit$$00000017)
    __rt_lib_init_lc_numeric_1               0x08000223   Thumb Code     0  libinit2.o(.ARM.Collect$$libinit$$00000019)
    __rt_lib_init_lc_time_1                  0x08000223   Thumb Code     0  libinit2.o(.ARM.Collect$$libinit$$0000001B)
    __rt_lib_init_return                     0x08000223   Thumb Code     0  libinit2.o(.ARM.Collect$$libinit$$00000035)
    __rt_lib_init_signal_1                   0x08000223   Thumb Code     0  libinit2.o(.ARM.Collect$$libinit$$0000001F)
    __rt_lib_init_stdio_1                    0x08000223   Thumb Code     0  libinit2.o(.ARM.Collect$$libinit$$00000027)
    __rt_lib_shutdown                        0x08000225   Thumb Code     0  libshutdown.o(.ARM.Collect$$libshutdown$$00000000)
    __rt_lib_shutdown_cpp_1                  0x08000227   Thumb Code     0  libshutdown2.o(.ARM.Collect$$libshutdown$$00000002)
    __rt_lib_shutdown_fp_trap_1              0x08000227   Thumb Code     0  libshutdown2.o(.ARM.Collect$$libshutdown$$00000007)
    __rt_lib_shutdown_heap_1                 0x08000227   Thumb Code     0  libshutdown2.o(.ARM.Collect$$libshutdown$$0000000F)
    __rt_lib_shutdown_return                 0x08000227   Thumb Code     0  libshutdown2.o(.ARM.Collect$$libshutdown$$00000010)
    __rt_lib_shutdown_signal_1               0x08000227   Thumb Code     0  libshutdown2.o(.ARM.Collect$$libshutdown$$0000000A)
    __rt_lib_shutdown_stdio_1                0x08000227   Thumb Code     0  libshutdown2.o(.ARM.Collect$$libshutdown$$00000004)
    __rt_lib_shutdown_user_alloc_1           0x08000227   Thumb Code     0  libshutdown2.o(.ARM.Collect$$libshutdown$$0000000C)
    __rt_entry                               0x08000229   Thumb Code     0  __rtentry.o(.ARM.Collect$$rtentry$$00000000)
    __rt_entry_presh_1                       0x08000229   Thumb Code     0  __rtentry2.o(.ARM.Collect$$rtentry$$00000002)
    __rt_entry_sh                            0x08000229   Thumb Code     0  __rtentry4.o(.ARM.Collect$$rtentry$$00000004)
    __rt_entry_li                            0x0800022f   Thumb Code     0  __rtentry2.o(.ARM.Collect$$rtentry$$0000000A)
    __rt_entry_postsh_1                      0x0800022f   Thumb Code     0  __rtentry2.o(.ARM.Collect$$rtentry$$00000009)
    __rt_entry_main                          0x08000233   Thumb Code     0  __rtentry2.o(.ARM.Collect$$rtentry$$0000000D)
    __rt_entry_postli_1                      0x08000233   Thumb Code     0  __rtentry2.o(.ARM.Collect$$rtentry$$0000000C)
    __rt_exit                                0x0800023b   Thumb Code     0  rtexit.o(.ARM.Collect$$rtexit$$00000000)
    __rt_exit_ls                             0x0800023d   Thumb Code     0  rtexit2.o(.ARM.Collect$$rtexit$$00000003)
    __rt_exit_prels_1                        0x0800023d   Thumb Code     0  rtexit2.o(.ARM.Collect$$rtexit$$00000002)
    __rt_exit_exit                           0x08000241   Thumb Code     0  rtexit2.o(.ARM.Collect$$rtexit$$00000004)
    rand                                     0x08000249   Thumb Code    48  rand.o(.emb_text)
    Reset_Handler                            0x0800027d   Thumb Code     8  startup_stm32f103xb.o(.text)
    ADC1_2_IRQHandler                        0x08000297   Thumb Code     0  startup_stm32f103xb.o(.text)
    CAN1_RX1_IRQHandler                      0x08000297   Thumb Code     0  startup_stm32f103xb.o(.text)
    CAN1_SCE_IRQHandler                      0x08000297   Thumb Code     0  startup_stm32f103xb.o(.text)
    DMA1_Channel1_IRQHandler                 0x08000297   Thumb Code     0  startup_stm32f103xb.o(.text)
    DMA1_Channel2_IRQHandler                 0x08000297   Thumb Code     0  startup_stm32f103xb.o(.text)
    DMA1_Channel3_IRQHandler                 0x08000297   Thumb Code     0  startup_stm32f103xb.o(.text)
    DMA1_Channel4_IRQHandler                 0x08000297   Thumb Code     0  startup_stm32f103xb.o(.text)
    DMA1_Channel5_IRQHandler                 0x08000297   Thumb Code     0  startup_stm32f103xb.o(.text)
    DMA1_Channel6_IRQHandler                 0x08000297   Thumb Code     0  startup_stm32f103xb.o(.text)
    DMA1_Channel7_IRQHandler                 0x08000297   Thumb Code     0  startup_stm32f103xb.o(.text)
    EXTI0_IRQHandler                         0x08000297   Thumb Code     0  startup_stm32f103xb.o(.text)
    EXTI15_10_IRQHandler                     0x08000297   Thumb Code     0  startup_stm32f103xb.o(.text)
    EXTI1_IRQHandler                         0x08000297   Thumb Code     0  startup_stm32f103xb.o(.text)
    EXTI2_IRQHandler                         0x08000297   Thumb Code     0  startup_stm32f103xb.o(.text)
    EXTI3_IRQHandler                         0x08000297   Thumb Code     0  startup_stm32f103xb.o(.text)
    EXTI4_IRQHandler                         0x08000297   Thumb Code     0  startup_stm32f103xb.o(.text)
    EXTI9_5_IRQHandler                       0x08000297   Thumb Code     0  startup_stm32f103xb.o(.text)
    FLASH_IRQHandler                         0x08000297   Thumb Code     0  startup_stm32f103xb.o(.text)
    I2C1_ER_IRQHandler                       0x08000297   Thumb Code     0  startup_stm32f103xb.o(.text)
    I2C1_EV_IRQHandler                       0x08000297   Thumb Code     0  startup_stm32f103xb.o(.text)
    I2C2_ER_IRQHandler                       0x08000297   Thumb Code     0  startup_stm32f103xb.o(.text)
    I2C2_EV_IRQHandler                       0x08000297   Thumb Code     0  startup_stm32f103xb.o(.text)
    PVD_IRQHandler                           0x08000297   Thumb Code     0  startup_stm32f103xb.o(.text)
    RCC_IRQHandler                           0x08000297   Thumb Code     0  startup_stm32f103xb.o(.text)
    RTC_Alarm_IRQHandler                     0x08000297   Thumb Code     0  startup_stm32f103xb.o(.text)
    RTC_IRQHandler                           0x08000297   Thumb Code     0  startup_stm32f103xb.o(.text)
    SPI1_IRQHandler                          0x08000297   Thumb Code     0  startup_stm32f103xb.o(.text)
    SPI2_IRQHandler                          0x08000297   Thumb Code     0  startup_stm32f103xb.o(.text)
    TAMPER_IRQHandler                        0x08000297   Thumb Code     0  startup_stm32f103xb.o(.text)
    TIM1_BRK_IRQHandler                      0x08000297   Thumb Code     0  startup_stm32f103xb.o(.text)
    TIM1_CC_IRQHandler                       0x08000297   Thumb Code     0  startup_stm32f103xb.o(.text)
    TIM1_TRG_COM_IRQHandler                  0x08000297   Thumb Code     0  startup_stm32f103xb.o(.text)
    TIM1_UP_IRQHandler                       0x08000297   Thumb Code     0  startup_stm32f103xb.o(.text)
    TIM2_IRQHandler                          0x08000297   Thumb Code     0  startup_stm32f103xb.o(.text)
    TIM3_IRQHandler                          0x08000297   Thumb Code     0  startup_stm32f103xb.o(.text)
    TIM4_IRQHandler                          0x08000297   Thumb Code     0  startup_stm32f103xb.o(.text)
    USART1_IRQHandler                        0x08000297   Thumb Code     0  startup_stm32f103xb.o(.text)
    USART2_IRQHandler                        0x08000297   Thumb Code     0  startup_stm32f103xb.o(.text)
    USART3_IRQHandler                        0x08000297   Thumb Code     0  startup_stm32f103xb.o(.text)
    USBWakeUp_IRQHandler                     0x08000297   Thumb Code     0  startup_stm32f103xb.o(.text)
    USB_HP_CAN1_TX_IRQHandler                0x08000297   Thumb Code     0  startup_stm32f103xb.o(.text)
    USB_LP_CAN1_RX0_IRQHandler               0x08000297   Thumb Code     0  startup_stm32f103xb.o(.text)
    WWDG_IRQHandler                          0x08000297   Thumb Code     0  startup_stm32f103xb.o(.text)
    __user_initial_stackheap                 0x08000299   Thumb Code     0  startup_stm32f103xb.o(.text)
    __2sprintf                               0x080002bd   Thumb Code    34  noretval__2sprintf.o(.text)
    _printf_pre_padding                      0x080002e5   Thumb Code    44  _printf_pad.o(.text)
    _printf_post_padding                     0x08000311   Thumb Code    34  _printf_pad.o(.text)
    _printf_truncate_signed                  0x08000333   Thumb Code    18  _printf_truncate.o(.text)
    _printf_truncate_unsigned                0x08000345   Thumb Code    18  _printf_truncate.o(.text)
    _printf_str                              0x08000357   Thumb Code    82  _printf_str.o(.text)
    _printf_int_dec                          0x080003a9   Thumb Code   104  _printf_dec.o(.text)
    _printf_wctomb                           0x08000421   Thumb Code   182  _printf_wctomb.o(.text)
    _printf_int_oct                          0x080004dd   Thumb Code    74  _printf_oct_int.o(.text)
    _printf_longlong_oct                     0x080004dd   Thumb Code     0  _printf_oct_int.o(.text)
    _printf_int_hex                          0x08000531   Thumb Code    84  _printf_hex_int.o(.text)
    _printf_longlong_hex                     0x08000531   Thumb Code     0  _printf_hex_int.o(.text)
    __printf                                 0x08000589   Thumb Code   388  __printf_flags_ss_wp.o(.text)
    srand                                    0x08000711   Thumb Code    42  rand.o(.text)
    _rand_init                               0x0800073b   Thumb Code     4  rand.o(.text)
    __use_two_region_memory                  0x0800074d   Thumb Code     2  heapauxi.o(.text)
    __rt_heap_escrow$2region                 0x0800074f   Thumb Code     2  heapauxi.o(.text)
    __rt_heap_expand$2region                 0x08000751   Thumb Code     2  heapauxi.o(.text)
    _printf_int_common                       0x08000753   Thumb Code   178  _printf_intcommon.o(.text)
    _printf_char_common                      0x0800080f   Thumb Code    32  _printf_char_common.o(.text)
    _sputc                                   0x08000835   Thumb Code    10  _sputc.o(.text)
    _printf_cs_common                        0x0800083f   Thumb Code    20  _printf_char.o(.text)
    _printf_char                             0x08000853   Thumb Code    16  _printf_char.o(.text)
    _printf_string                           0x08000863   Thumb Code     8  _printf_char.o(.text)
    _printf_lcs_common                       0x0800086b   Thumb Code    20  _printf_wchar.o(.text)
    _printf_wchar                            0x0800087f   Thumb Code    16  _printf_wchar.o(.text)
    _printf_wstring                          0x0800088f   Thumb Code     8  _printf_wchar.o(.text)
    _c16rtomb                                0x08000897   Thumb Code    72  _c16rtomb.o(.text)
    _wcrtomb                                 0x08000897   Thumb Code     0  _c16rtomb.o(.text)
    __rt_ctype_table                         0x080008e1   Thumb Code    16  rt_ctype_table.o(.text)
    __user_setup_stackheap                   0x080008f1   Thumb Code    74  sys_stackheap_outer.o(.text)
    __rt_locale                              0x0800093d   Thumb Code     8  rt_locale_intlibspace.o(.text)
    exit                                     0x08000945   Thumb Code    18  exit.o(.text)
    __user_libspace                          0x08000959   Thumb Code     8  libspace.o(.text)
    __user_perproc_libspace                  0x08000959   Thumb Code     0  libspace.o(.text)
    __user_perthread_libspace                0x08000959   Thumb Code     0  libspace.o(.text)
    strcmp                                   0x08000961   Thumb Code   128  strcmpv7m.o(.text)
    __I$use$semihosting                      0x080009e1   Thumb Code     0  use_no_semi.o(.text)
    __use_no_semihosting_swi                 0x080009e1   Thumb Code     2  use_no_semi.o(.text)
    __semihosting_library_function           0x080009e3   Thumb Code     0  indicate_semi.o(.text)
    _sys_exit                                0x080009e5   Thumb Code     8  sys_exit.o(.text)
    Battle_Attack_Monster                    0x080009f1   Thumb Code    66  battle.o(.text.Battle_Attack_Monster)
    Battle_Attack_Player                     0x08000a35   Thumb Code    78  battle.o(.text.Battle_Attack_Player)
    Battle_CountPotion                       0x08000a85   Thumb Code    14  battle.o(.text.Battle_CountPotion)
    Battle_Counter                           0x08000a95   Thumb Code    72  battle.o(.text.Battle_Counter)
    Battle_Defending                         0x08000add   Thumb Code    16  battle.o(.text.Battle_Defending)
    Battle_Freeze                            0x08000aed   Thumb Code    28  battle.o(.text.Battle_Freeze)
    Battle_GetState                          0x08000b09   Thumb Code    12  battle.o(.text.Battle_GetState)
    Battle_Start                             0x08000b15   Thumb Code    40  battle.o(.text.Battle_Start)
    Battle_UsePotion                         0x08000b3d   Thumb Code    90  battle.o(.text.Battle_UsePotion)
    BusFault_Handler                         0x08000b99   Thumb Code     2  stm32f1xx_it.o(.text.BusFault_Handler)
    Campaign_NextStage                       0x08000b9d   Thumb Code    32  campaign.o(.text.Campaign_NextStage)
    Campaign_Reset                           0x08000bbd   Thumb Code    14  campaign.o(.text.Campaign_Reset)
    ClearBitMask                             0x08000bcd   Thumb Code   190  rc522.o(.text.ClearBitMask)
    DebugMon_Handler                         0x08000c8d   Thumb Code     2  stm32f1xx_it.o(.text.DebugMon_Handler)
    HAL_Buttonback                           0x08000c91   Thumb Code    16  button.o(.text.HAL_Buttonback)
    HAL_Buttondown                           0x08000ca1   Thumb Code    16  button.o(.text.HAL_Buttondown)
    HAL_Buttonselect                         0x08000cb1   Thumb Code    16  button.o(.text.HAL_Buttonselect)
    HAL_Buttonup                             0x08000cc1   Thumb Code    16  button.o(.text.HAL_Buttonup)
    HAL_Delay                                0x08000cd1   Thumb Code    40  stm32f1xx_hal.o(.text.HAL_Delay)
    HAL_GPIO_Init                            0x08000cf9   Thumb Code   526  stm32f1xx_hal_gpio.o(.text.HAL_GPIO_Init)
    HAL_GPIO_ReadPin                         0x08000f09   Thumb Code    10  stm32f1xx_hal_gpio.o(.text.HAL_GPIO_ReadPin)
    HAL_GPIO_WritePin                        0x08000f15   Thumb Code    10  stm32f1xx_hal_gpio.o(.text.HAL_GPIO_WritePin)
    HAL_GetTick                              0x08000f21   Thumb Code    12  stm32f1xx_hal.o(.text.HAL_GetTick)
    HAL_IncTick                              0x08000f2d   Thumb Code    26  stm32f1xx_hal.o(.text.HAL_IncTick)
    HAL_Init                                 0x08000f49   Thumb Code    38  stm32f1xx_hal.o(.text.HAL_Init)
    HAL_InitTick                             0x08000f71   Thumb Code    72  stm32f1xx_hal.o(.text.HAL_InitTick)
    HAL_MspInit                              0x08000fb9   Thumb Code    66  stm32f1xx_hal_msp.o(.text.HAL_MspInit)
    HAL_NVIC_SetPriority                     0x08000ffd   Thumb Code    86  stm32f1xx_hal_cortex.o(.text.HAL_NVIC_SetPriority)
    HAL_NVIC_SetPriorityGrouping             0x08001055   Thumb Code    32  stm32f1xx_hal_cortex.o(.text.HAL_NVIC_SetPriorityGrouping)
    HAL_RCC_ClockConfig                      0x08001075   Thumb Code   442  stm32f1xx_hal_rcc.o(.text.HAL_RCC_ClockConfig)
    HAL_RCC_OscConfig                        0x08001231   Thumb Code  1024  stm32f1xx_hal_rcc.o(.text.HAL_RCC_OscConfig)
    HAL_SPI_Init                             0x08001631   Thumb Code   168  stm32f1xx_hal_spi.o(.text.HAL_SPI_Init)
    HAL_SPI_MspInit                          0x080016d9   Thumb Code   204  stm32f1xx_hal_msp.o(.text.HAL_SPI_MspInit)
    HAL_SPI_Transmit                         0x080017a5   Thumb Code   506  stm32f1xx_hal_spi.o(.text.HAL_SPI_Transmit)
    HAL_SPI_TransmitReceive                  0x080019a1   Thumb Code   722  stm32f1xx_hal_spi.o(.text.HAL_SPI_TransmitReceive)
    HAL_SYSTICK_Config                       0x08001c75   Thumb Code    44  stm32f1xx_hal_cortex.o(.text.HAL_SYSTICK_Config)
    HAL_ScanButtons                          0x08001ca1   Thumb Code   228  button.o(.text.HAL_ScanButtons)
    HardFault_Handler                        0x08001d85   Thumb Code     2  stm32f1xx_it.o(.text.HardFault_Handler)
    LCD_Action                               0x08001d89   Thumb Code   126  lcd.o(.text.LCD_Action)
    LCD_AttackEffect                         0x08001e09   Thumb Code   286  lcd.o(.text.LCD_AttackEffect)
    LCD_DeselectAction                       0x08001f29   Thumb Code   212  lcd.o(.text.LCD_DeselectAction)
    LCD_DeselectBattleSkill                  0x08001ffd   Thumb Code   108  lcd.o(.text.LCD_DeselectBattleSkill)
    LCD_DeselectMode                         0x08002069   Thumb Code   212  lcd.o(.text.LCD_DeselectMode)
    LCD_DeselectOption                       0x0800213d   Thumb Code    96  lcd.o(.text.LCD_DeselectOption)
    LCD_DeselectPotion                       0x0800219d   Thumb Code   128  lcd.o(.text.LCD_DeselectPotion)
    LCD_DeselectShop                         0x0800221d   Thumb Code   164  lcd.o(.text.LCD_DeselectShop)
    LCD_DeselectShopPotion                   0x080022c1   Thumb Code   176  lcd.o(.text.LCD_DeselectShopPotion)
    LCD_DeselectShopStats                    0x08002371   Thumb Code   158  lcd.o(.text.LCD_DeselectShopStats)
    LCD_DrawCampaignMap                      0x08002411   Thumb Code   252  lcd.o(.text.LCD_DrawCampaignMap)
    LCD_DrawEndPage                          0x0800251d   Thumb Code   164  lcd.o(.text.LCD_DrawEndPage)
    LCD_DrawEndlessMap                       0x080025f1   Thumb Code   316  lcd.o(.text.LCD_DrawEndlessMap)
    LCD_DrawHealthBar                        0x08002745   Thumb Code   130  lcd.o(.text.LCD_DrawHealthBar)
    LCD_DrawMenuGame                         0x080027c9   Thumb Code   160  lcd.o(.text.LCD_DrawMenuGame)
    LCD_DrawMonsterAppearance                0x08002869   Thumb Code   100  lcd.o(.text.LCD_DrawMonsterAppearance)
    LCD_DrawPlayerAppearance                 0x080028cd   Thumb Code    96  lcd.o(.text.LCD_DrawPlayerAppearance)
    LCD_DrawPotionMenu                       0x0800292d   Thumb Code   220  lcd.o(.text.LCD_DrawPotionMenu)
    LCD_DrawShopMenu                         0x08002a11   Thumb Code   174  lcd.o(.text.LCD_DrawShopMenu)
    LCD_DrawShopPotionMenu                   0x08002ac1   Thumb Code   404  lcd.o(.text.LCD_DrawShopPotionMenu)
    LCD_DrawShopStats                        0x08002c55   Thumb Code   294  lcd.o(.text.LCD_DrawShopStats)
    LCD_DrawSkillMenu                        0x08002d7d   Thumb Code   128  lcd.o(.text.LCD_DrawSkillMenu)
    LCD_DrawStats                            0x08002e05   Thumb Code   208  lcd.o(.text.LCD_DrawStats)
    LCD_DrawWaitingDisplay                   0x08002edd   Thumb Code   108  lcd.o(.text.LCD_DrawWaitingDisplay)
    LCD_SelectAction                         0x08002f6d   Thumb Code   212  lcd.o(.text.LCD_SelectAction)
    LCD_SelectBattleSkill                    0x08003041   Thumb Code   108  lcd.o(.text.LCD_SelectBattleSkill)
    LCD_SelectMode                           0x080030ad   Thumb Code   212  lcd.o(.text.LCD_SelectMode)
    LCD_SelectOption                         0x08003181   Thumb Code    96  lcd.o(.text.LCD_SelectOption)
    LCD_SelectPotion                         0x080031e1   Thumb Code   100  lcd.o(.text.LCD_SelectPotion)
    LCD_SelectShop                           0x08003295   Thumb Code   164  lcd.o(.text.LCD_SelectShop)
    LCD_SelectShopPotion                     0x08003339   Thumb Code   176  lcd.o(.text.LCD_SelectShopPotion)
    LCD_SelectShopStats                      0x080033e9   Thumb Code   158  lcd.o(.text.LCD_SelectShopStats)
    MFRC522_Anticoll                         0x08003489   Thumb Code   158  rc522.o(.text.MFRC522_Anticoll)
    MFRC522_Init                             0x08003529   Thumb Code   656  rc522.o(.text.MFRC522_Init)
    MFRC522_Request                          0x080037b9   Thumb Code   140  rc522.o(.text.MFRC522_Request)
    MFRC522_ToCard                           0x08003845   Thumb Code   976  rc522.o(.text.MFRC522_ToCard)
    MemManage_Handler                        0x08003c15   Thumb Code     2  stm32f1xx_it.o(.text.MemManage_Handler)
    Monster_AttackPlayer                     0x08003c19   Thumb Code     2  monster.o(.text.Monster_AttackPlayer)
    Monster_GetAttackDamage                  0x08003c1d   Thumb Code    12  monster.o(.text.Monster_GetAttackDamage)
    Monster_TakeDamage                       0x08003c29   Thumb Code    18  monster.o(.text.Monster_TakeDamage)
    NMI_Handler                              0x08003c3d   Thumb Code     2  stm32f1xx_it.o(.text.NMI_Handler)
    PendSV_Handler                           0x08003c41   Thumb Code     2  stm32f1xx_it.o(.text.PendSV_Handler)
    Player_AttackMonster                     0x08003c45   Thumb Code    10  player.o(.text.Player_AttackMonster)
    Player_Counter                           0x08003c51   Thumb Code    38  player.o(.text.Player_Counter)
    Player_Freeze                            0x08003c79   Thumb Code    18  player.o(.text.Player_Freeze)
    Player_GainExp                           0x08003c8d   Thumb Code   472  player.o(.text.Player_GainExp)
    Player_GainGold                          0x08003e65   Thumb Code     8  player.o(.text.Player_GainGold)
    Player_GetAttackDamage                   0x08003e6d   Thumb Code    64  player.o(.text.Player_GetAttackDamage)
    Player_GetCounterState                   0x08003ead   Thumb Code    30  player.o(.text.Player_GetCounterState)
    Player_GetDamageAfterDefense             0x08003ecd   Thumb Code    36  player.o(.text.Player_GetDamageAfterDefense)
    Player_TakeDamage                        0x08003ef1   Thumb Code    18  player.o(.text.Player_TakeDamage)
    Player_UsePotion                         0x08003f05   Thumb Code    40  player.o(.text.Player_UsePotion)
    Rfid_TryReadUid                          0x08003f2d   Thumb Code    42  rfid.o(.text.Rfid_TryReadUid)
    ST7789_DrawCircle                        0x08004079   Thumb Code   320  st7789.o(.text.ST7789_DrawCircle)
    ST7789_DrawFilledRectangle               0x080041b9   Thumb Code   134  st7789.o(.text.ST7789_DrawFilledRectangle)
    ST7789_DrawLine                          0x08004241   Thumb Code   192  st7789.o(.text.ST7789_DrawLine)
    ST7789_DrawPixel                         0x08004301   Thumb Code   120  st7789.o(.text.ST7789_DrawPixel)
    ST7789_DrawRectangle                     0x08004379   Thumb Code   106  st7789.o(.text.ST7789_DrawRectangle)
    ST7789_Fill                              0x080043e5   Thumb Code   196  st7789.o(.text.ST7789_Fill)
    ST7789_Fill_Color                        0x080044a9   Thumb Code   154  st7789.o(.text.ST7789_Fill_Color)
    ST7789_Init                              0x08004545   Thumb Code  1702  st7789.o(.text.ST7789_Init)
    ST7789_WriteChar                         0x08004d55   Thumb Code   264  st7789.o(.text.ST7789_WriteChar)
    ST7789_WriteString                       0x08004e5d   Thumb Code   146  st7789.o(.text.ST7789_WriteString)
    SVC_Handler                              0x08004ef1   Thumb Code     2  stm32f1xx_it.o(.text.SVC_Handler)
    SetBitMask                               0x08004ef5   Thumb Code   190  rc522.o(.text.SetBitMask)
    Skill_Unlocked                           0x08004fb5   Thumb Code    40  player.o(.text.Skill_Unlocked)
    SysTick_Handler                          0x08004fdd   Thumb Code    14  stm32f1xx_it.o(.text.SysTick_Handler)
    SystemInit                               0x08004fed   Thumb Code     2  system_stm32f1xx.o(.text.SystemInit)
    UI_BackBattleSkillMenu                   0x08004ff1   Thumb Code    90  ui.o(.text.UI_BackBattleSkillMenu)
    UI_BackMenuGame                          0x0800504d   Thumb Code    38  ui.o(.text.UI_BackMenuGame)
    UI_BackPotionMenu                        0x08005075   Thumb Code    90  ui.o(.text.UI_BackPotionMenu)
    UI_BackShopMenu                          0x080050d1   Thumb Code   112  ui.o(.text.UI_BackShopMenu)
    UI_BattlePage                            0x080052c5   Thumb Code   470  ui.o(.text.UI_BattlePage)
    UI_BuyPotion                             0x0800549d   Thumb Code   288  ui.o(.text.UI_BuyPotion)
    UI_ConfirmBattleSkill                    0x080055d9   Thumb Code   300  ui.o(.text.UI_ConfirmBattleSkill)
    UI_ConfirmBuyStats                       0x08005745   Thumb Code   246  ui.o(.text.UI_ConfirmBuyStats)
    UI_ConfirmMode                           0x0800583d   Thumb Code   210  ui.o(.text.UI_ConfirmMode)
    UI_ConfirmPotion                         0x08005911   Thumb Code   388  ui.o(.text.UI_ConfirmPotion)
    UI_ConfirmShopMenu                       0x08005aa5   Thumb Code   368  ui.o(.text.UI_ConfirmShopMenu)
    UI_GameOverPage                          0x08005c15   Thumb Code   162  ui.o(.text.UI_GameOverPage)
    UI_HandleWaitingForRfidCard              0x08005cb9   Thumb Code   218  ui.o(.text.UI_HandleWaitingForRfidCard)
    UI_MonsterStats                          0x08005d95   Thumb Code   180  ui.o(.text.UI_MonsterStats)
    UI_MoveAction                            0x08005e49   Thumb Code    80  ui.o(.text.UI_MoveAction)
    UI_MoveBattleSkill                       0x08005e99   Thumb Code    94  ui.o(.text.UI_MoveBattleSkill)
    UI_MoveBuyPotion                         0x08005ef9   Thumb Code   206  ui.o(.text.UI_MoveBuyPotion)
    UI_MoveBuyStats                          0x08005fc9   Thumb Code   200  ui.o(.text.UI_MoveBuyStats)
    UI_MoveMode                              0x08006091   Thumb Code    80  ui.o(.text.UI_MoveMode)
    UI_MoveOption                            0x080060e1   Thumb Code    80  ui.o(.text.UI_MoveOption)
    UI_MovePotionMenu                        0x08006131   Thumb Code   270  ui.o(.text.UI_MovePotionMenu)
    UI_MoveShopMenu                          0x08006241   Thumb Code    94  ui.o(.text.UI_MoveShopMenu)
    UI_PlayerStats                           0x080062a1   Thumb Code   204  ui.o(.text.UI_PlayerStats)
    UI_ResetStat                             0x0800636d   Thumb Code   168  ui.o(.text.UI_ResetStat)
    UI_ShowSetting                           0x08006591   Thumb Code   576  ui.o(.text.UI_ShowSetting)
    UsageFault_Handler                       0x08006801   Thumb Code     2  stm32f1xx_it.o(.text.UsageFault_Handler)
    User_FindUid                             0x08006805   Thumb Code   102  user.o(.text.User_FindUid)
    main                                     0x0800686d   Thumb Code   684  main.o(.text.main)
    _is_digit                                0x08006b19   Thumb Code    14  __printf_wp.o(i._is_digit)
    _get_lc_ctype                            0x08006b29   Thumb Code    44  lc_ctype_c.o(locale$$code)
    AHBPrescTable                            0x08006b95   Data          16  system_stm32f1xx.o(.rodata.AHBPrescTable)
    Region$$Table$$Base                      0x08009570   Number         0  anon$$obj.o(Region$$Table)
    Region$$Table$$Limit                     0x08009590   Number         0  anon$$obj.o(Region$$Table)
    __ctype                                  0x0800959d   Data           0  lc_ctype_c.o(locale$$data)
    uwTickFreq                               0x20000000   Data           1  stm32f1xx_hal.o(.data..L_MergedGlobals)
    uwTickPrio                               0x20000004   Data           4  stm32f1xx_hal.o(.data..L_MergedGlobals)
    player_count                             0x2000001c   Data           1  player.o(.data..L_MergedGlobals)
    player_list                              0x20000020   Data         104  player.o(.data..L_MergedGlobals)
    current_player                           0x20000088   Data           1  ui.o(.data..L_MergedGlobals)
    select_skill                             0x20000089   Data           1  ui.o(.data..L_MergedGlobals)
    select_shop                              0x2000008a   Data           1  ui.o(.data..L_MergedGlobals)
    select_action                            0x2000008b   Data           1  ui.o(.data..L_MergedGlobals)
    user_count                               0x20000091   Data           1  user.o(.data..L_MergedGlobals)
    list_user                                0x20000092   Data          50  user.o(.data..L_MergedGlobals)
    Font_11x18                               0x200000c4   Data           8  fonts.o(.data.Font_11x18)
    Font_16x26                               0x200000cc   Data           8  fonts.o(.data.Font_16x26)
    Font_7x10                                0x200000d4   Data           8  fonts.o(.data.Font_7x10)
    SystemCoreClock                          0x200000dc   Data           4  system_stm32f1xx.o(.data.SystemCoreClock)
    campaign                                 0x200000e0   Data         205  campaign.o(.data.campaign)
    campaign_state_count                     0x200001ad   Data           1  campaign.o(.data.campaign_state_count)
    monster_count                            0x200001ae   Data           1  monster.o(.data.monster_count)
    monster_list                             0x200001b0   Data        1280  monster.o(.data.monster_list)
    select_mode                              0x200006b0   Data           1  ui.o(.data.select_mode)
    _random_number_data                      0x200006b8   Data         228  rand.o(.bss)
    __libspace_start                         0x2000079c   Data          96  libspace.o(.bss)
    __temporary_stack_top$libspace           0x200007fc   Data           0  libspace.o(.bss)
    active_skill                             0x20000810   Data           1  ui.o(.bss..L_MergedGlobals.27)
    select_potion                            0x20000811   Data           1  ui.o(.bss..L_MergedGlobals.27)
    buying_potion                            0x20000812   Data           1  ui.o(.bss..L_MergedGlobals.27)
    ui_page                                  0x20000813   Data           1  ui.o(.bss..L_MergedGlobals.27)
    current_state                            0x200008a8   Data           1  campaign.o(.bss.current_state)
    hspi1                                    0x20000914   Data          88  main.o(.bss.hspi1)
    hspi2                                    0x2000096c   Data          88  main.o(.bss.hspi2)
    uwTick                                   0x200009c8   Data           4  stm32f1xx_hal.o(.bss.uwTick)



==============================================================================

Memory Map of the image

  Image Entry point : 0x080000ed

  Load Region LR_IROM1 (Base: 0x08000000, Size: 0x00009d58, Max: 0x00010000, ABSOLUTE, COMPRESSED[0x00009990])

    Execution Region ER_IROM1 (Exec base: 0x08000000, Load base: 0x08000000, Size: 0x000096a0, Max: 0x00010000, ABSOLUTE)

    Exec Addr    Load Addr    Size         Type   Attr      Idx    E Section Name        Object

    0x08000000   0x08000000   0x000000ec   Data   RO            3    RESET               startup_stm32f103xb.o
    0x080000ec   0x080000ec   0x00000008   Code   RO         1032  * !!!main             c_w.l(__main.o)
    0x080000f4   0x080000f4   0x0000005c   Code   RO         1227    !!!scatter          c_w.l(__scatter.o)
    0x08000150   0x08000150   0x0000005a   Code   RO         1225    !!dczerorl2         c_w.l(__dczerorl2.o)
    0x080001aa   0x080001aa   0x00000002   PAD
    0x080001ac   0x080001ac   0x00000002   Code   RO         1228    !!handler_null      c_w.l(__scatter.o)
    0x080001ae   0x080001ae   0x00000002   PAD
    0x080001b0   0x080001b0   0x0000001c   Code   RO         1231    !!handler_zi        c_w.l(__scatter_zi.o)
    0x080001cc   0x080001cc   0x00000000   Code   RO         1023    .ARM.Collect$$_printf_percent$$00000000  c_w.l(_printf_percent.o)
    0x080001cc   0x080001cc   0x00000006   Code   RO         1020    .ARM.Collect$$_printf_percent$$00000008  c_w.l(_printf_i.o)
    0x080001d2   0x080001d2   0x00000006   Code   RO         1021    .ARM.Collect$$_printf_percent$$00000009  c_w.l(_printf_d.o)
    0x080001d8   0x080001d8   0x00000006   Code   RO         1022    .ARM.Collect$$_printf_percent$$0000000A  c_w.l(_printf_u.o)
    0x080001de   0x080001de   0x00000006   Code   RO         1019    .ARM.Collect$$_printf_percent$$0000000B  c_w.l(_printf_o.o)
    0x080001e4   0x080001e4   0x00000006   Code   RO         1018    .ARM.Collect$$_printf_percent$$0000000C  c_w.l(_printf_x.o)
    0x080001ea   0x080001ea   0x0000000a   Code   RO         1046    .ARM.Collect$$_printf_percent$$00000012  c_w.l(_printf_l.o)
    0x080001f4   0x080001f4   0x00000006   Code   RO         1016    .ARM.Collect$$_printf_percent$$00000013  c_w.l(_printf_c.o)
    0x080001fa   0x080001fa   0x00000006   Code   RO         1017    .ARM.Collect$$_printf_percent$$00000014  c_w.l(_printf_s.o)
    0x08000200   0x08000200   0x00000006   Code   RO         1024    .ARM.Collect$$_printf_percent$$00000015  c_w.l(_printf_lc.o)
    0x08000206   0x08000206   0x00000004   Code   RO         1045    .ARM.Collect$$_printf_percent$$00000017  c_w.l(_printf_percent_end.o)
    0x0800020a   0x0800020a   0x00000002   Code   RO         1140    .ARM.Collect$$libinit$$00000000  c_w.l(libinit.o)
    0x0800020c   0x0800020c   0x00000000   Code   RO         1050    .ARM.Collect$$libinit$$00000002  c_w.l(libinit2.o)
    0x0800020c   0x0800020c   0x00000000   Code   RO         1052    .ARM.Collect$$libinit$$00000004  c_w.l(libinit2.o)
    0x0800020c   0x0800020c   0x00000000   Code   RO         1054    .ARM.Collect$$libinit$$00000006  c_w.l(libinit2.o)
    0x0800020c   0x0800020c   0x00000000   Code   RO         1057    .ARM.Collect$$libinit$$0000000C  c_w.l(libinit2.o)
    0x0800020c   0x0800020c   0x00000000   Code   RO         1059    .ARM.Collect$$libinit$$0000000E  c_w.l(libinit2.o)
    0x0800020c   0x0800020c   0x00000004   Code   RO         1060    .ARM.Collect$$libinit$$0000000F  c_w.l(libinit2.o)
    0x08000210   0x08000210   0x00000000   Code   RO         1061    .ARM.Collect$$libinit$$00000010  c_w.l(libinit2.o)
    0x08000210   0x08000210   0x00000006   Code   RO         1062    .ARM.Collect$$libinit$$00000011  c_w.l(libinit2.o)
    0x08000216   0x08000216   0x00000000   Code   RO         1064    .ARM.Collect$$libinit$$00000013  c_w.l(libinit2.o)
    0x08000216   0x08000216   0x0000000c   Code   RO         1065    .ARM.Collect$$libinit$$00000014  c_w.l(libinit2.o)
    0x08000222   0x08000222   0x00000000   Code   RO         1066    .ARM.Collect$$libinit$$00000015  c_w.l(libinit2.o)
    0x08000222   0x08000222   0x00000000   Code   RO         1068    .ARM.Collect$$libinit$$00000017  c_w.l(libinit2.o)
    0x08000222   0x08000222   0x00000000   Code   RO         1070    .ARM.Collect$$libinit$$00000019  c_w.l(libinit2.o)
    0x08000222   0x08000222   0x00000000   Code   RO         1072    .ARM.Collect$$libinit$$0000001B  c_w.l(libinit2.o)
    0x08000222   0x08000222   0x00000000   Code   RO         1074    .ARM.Collect$$libinit$$0000001D  c_w.l(libinit2.o)
    0x08000222   0x08000222   0x00000000   Code   RO         1076    .ARM.Collect$$libinit$$0000001F  c_w.l(libinit2.o)
    0x08000222   0x08000222   0x00000000   Code   RO         1078    .ARM.Collect$$libinit$$00000021  c_w.l(libinit2.o)
    0x08000222   0x08000222   0x00000000   Code   RO         1080    .ARM.Collect$$libinit$$00000023  c_w.l(libinit2.o)
    0x08000222   0x08000222   0x00000000   Code   RO         1082    .ARM.Collect$$libinit$$00000025  c_w.l(libinit2.o)
    0x08000222   0x08000222   0x00000000   Code   RO         1084    .ARM.Collect$$libinit$$00000027  c_w.l(libinit2.o)
    0x08000222   0x08000222   0x00000000   Code   RO         1088    .ARM.Collect$$libinit$$0000002E  c_w.l(libinit2.o)
    0x08000222   0x08000222   0x00000000   Code   RO         1090    .ARM.Collect$$libinit$$00000030  c_w.l(libinit2.o)
    0x08000222   0x08000222   0x00000000   Code   RO         1092    .ARM.Collect$$libinit$$00000032  c_w.l(libinit2.o)
    0x08000222   0x08000222   0x00000000   Code   RO         1094    .ARM.Collect$$libinit$$00000034  c_w.l(libinit2.o)
    0x08000222   0x08000222   0x00000002   Code   RO         1095    .ARM.Collect$$libinit$$00000035  c_w.l(libinit2.o)
    0x08000224   0x08000224   0x00000002   Code   RO         1184    .ARM.Collect$$libshutdown$$00000000  c_w.l(libshutdown.o)
    0x08000226   0x08000226   0x00000000   Code   RO         1192    .ARM.Collect$$libshutdown$$00000002  c_w.l(libshutdown2.o)
    0x08000226   0x08000226   0x00000000   Code   RO         1194    .ARM.Collect$$libshutdown$$00000004  c_w.l(libshutdown2.o)
    0x08000226   0x08000226   0x00000000   Code   RO         1197    .ARM.Collect$$libshutdown$$00000007  c_w.l(libshutdown2.o)
    0x08000226   0x08000226   0x00000000   Code   RO         1200    .ARM.Collect$$libshutdown$$0000000A  c_w.l(libshutdown2.o)
    0x08000226   0x08000226   0x00000000   Code   RO         1202    .ARM.Collect$$libshutdown$$0000000C  c_w.l(libshutdown2.o)
    0x08000226   0x08000226   0x00000000   Code   RO         1205    .ARM.Collect$$libshutdown$$0000000F  c_w.l(libshutdown2.o)
    0x08000226   0x08000226   0x00000002   Code   RO         1206    .ARM.Collect$$libshutdown$$00000010  c_w.l(libshutdown2.o)
    0x08000228   0x08000228   0x00000000   Code   RO         1034    .ARM.Collect$$rtentry$$00000000  c_w.l(__rtentry.o)
    0x08000228   0x08000228   0x00000000   Code   RO         1097    .ARM.Collect$$rtentry$$00000002  c_w.l(__rtentry2.o)
    0x08000228   0x08000228   0x00000006   Code   RO         1109    .ARM.Collect$$rtentry$$00000004  c_w.l(__rtentry4.o)
    0x0800022e   0x0800022e   0x00000000   Code   RO         1099    .ARM.Collect$$rtentry$$00000009  c_w.l(__rtentry2.o)
    0x0800022e   0x0800022e   0x00000004   Code   RO         1100    .ARM.Collect$$rtentry$$0000000A  c_w.l(__rtentry2.o)
    0x08000232   0x08000232   0x00000000   Code   RO         1102    .ARM.Collect$$rtentry$$0000000C  c_w.l(__rtentry2.o)
    0x08000232   0x08000232   0x00000008   Code   RO         1103    .ARM.Collect$$rtentry$$0000000D  c_w.l(__rtentry2.o)
    0x0800023a   0x0800023a   0x00000002   Code   RO         1148    .ARM.Collect$$rtexit$$00000000  c_w.l(rtexit.o)
    0x0800023c   0x0800023c   0x00000000   Code   RO         1162    .ARM.Collect$$rtexit$$00000002  c_w.l(rtexit2.o)
    0x0800023c   0x0800023c   0x00000004   Code   RO         1163    .ARM.Collect$$rtexit$$00000003  c_w.l(rtexit2.o)
    0x08000240   0x08000240   0x00000006   Code   RO         1164    .ARM.Collect$$rtexit$$00000004  c_w.l(rtexit2.o)
    0x08000246   0x08000246   0x00000002   PAD
    0x08000248   0x08000248   0x00000034   Code   RO         1025    .emb_text           c_w.l(rand.o)
    0x0800027c   0x0800027c   0x00000040   Code   RO            4    .text               startup_stm32f103xb.o
    0x080002bc   0x080002bc   0x00000028   Code   RO          954    .text               c_w.l(noretval__2sprintf.o)
    0x080002e4   0x080002e4   0x0000004e   Code   RO          958    .text               c_w.l(_printf_pad.o)
    0x08000332   0x08000332   0x00000024   Code   RO          960    .text               c_w.l(_printf_truncate.o)
    0x08000356   0x08000356   0x00000052   Code   RO          962    .text               c_w.l(_printf_str.o)
    0x080003a8   0x080003a8   0x00000078   Code   RO          964    .text               c_w.l(_printf_dec.o)
    0x08000420   0x08000420   0x000000bc   Code   RO          966    .text               c_w.l(_printf_wctomb.o)
    0x080004dc   0x080004dc   0x00000054   Code   RO          971    .text               c_w.l(_printf_oct_int.o)
    0x08000530   0x08000530   0x00000058   Code   RO          978    .text               c_w.l(_printf_hex_int.o)
    0x08000588   0x08000588   0x00000188   Code   RO         1013    .text               c_w.l(__printf_flags_ss_wp.o)
    0x08000710   0x08000710   0x0000003c   Code   RO         1026    .text               c_w.l(rand.o)
    0x0800074c   0x0800074c   0x00000006   Code   RO         1030    .text               c_w.l(heapauxi.o)
    0x08000752   0x08000752   0x000000b2   Code   RO         1035    .text               c_w.l(_printf_intcommon.o)
    0x08000804   0x08000804   0x00000030   Code   RO         1037    .text               c_w.l(_printf_char_common.o)
    0x08000834   0x08000834   0x0000000a   Code   RO         1039    .text               c_w.l(_sputc.o)
    0x0800083e   0x0800083e   0x0000002c   Code   RO         1041    .text               c_w.l(_printf_char.o)
    0x0800086a   0x0800086a   0x0000002c   Code   RO         1043    .text               c_w.l(_printf_wchar.o)
    0x08000896   0x08000896   0x00000048   Code   RO         1047    .text               c_w.l(_c16rtomb.o)
    0x080008de   0x080008de   0x00000002   PAD
    0x080008e0   0x080008e0   0x00000010   Code   RO         1111    .text               c_w.l(rt_ctype_table.o)
    0x080008f0   0x080008f0   0x0000004a   Code   RO         1119    .text               c_w.l(sys_stackheap_outer.o)
    0x0800093a   0x0800093a   0x00000002   PAD
    0x0800093c   0x0800093c   0x00000008   Code   RO         1124    .text               c_w.l(rt_locale_intlibspace.o)
    0x08000944   0x08000944   0x00000012   Code   RO         1129    .text               c_w.l(exit.o)
    0x08000956   0x08000956   0x00000002   PAD
    0x08000958   0x08000958   0x00000008   Code   RO         1145    .text               c_w.l(libspace.o)
    0x08000960   0x08000960   0x00000080   Code   RO         1156    .text               c_w.l(strcmpv7m.o)
    0x080009e0   0x080009e0   0x00000002   Code   RO         1158    .text               c_w.l(use_no_semi.o)
    0x080009e2   0x080009e2   0x00000000   Code   RO         1160    .text               c_w.l(indicate_semi.o)
    0x080009e2   0x080009e2   0x00000002   PAD
    0x080009e4   0x080009e4   0x0000000c   Code   RO         1174    .text               c_w.l(sys_exit.o)
    0x080009f0   0x080009f0   0x00000042   Code   RO          920    .text.Battle_Attack_Monster  battle.o
    0x08000a32   0x08000a32   0x00000002   PAD
    0x08000a34   0x08000a34   0x0000004e   Code   RO          922    .text.Battle_Attack_Player  battle.o
    0x08000a82   0x08000a82   0x00000002   PAD
    0x08000a84   0x08000a84   0x0000000e   Code   RO          914    .text.Battle_CountPotion  battle.o
    0x08000a92   0x08000a92   0x00000002   PAD
    0x08000a94   0x08000a94   0x00000048   Code   RO          926    .text.Battle_Counter  battle.o
    0x08000adc   0x08000adc   0x00000010   Code   RO          912    .text.Battle_Defending  battle.o
    0x08000aec   0x08000aec   0x0000001c   Code   RO          924    .text.Battle_Freeze  battle.o
    0x08000b08   0x08000b08   0x0000000c   Code   RO          930    .text.Battle_GetState  battle.o
    0x08000b14   0x08000b14   0x00000028   Code   RO          910    .text.Battle_Start  battle.o
    0x08000b3c   0x08000b3c   0x0000005a   Code   RO          918    .text.Battle_UsePotion  battle.o
    0x08000b96   0x08000b96   0x00000002   PAD
    0x08000b98   0x08000b98   0x00000002   Code   RO          139    .text.BusFault_Handler  stm32f1xx_it.o
    0x08000b9a   0x08000b9a   0x00000002   PAD
    0x08000b9c   0x08000b9c   0x00000020   Code   RO          777    .text.Campaign_NextStage  campaign.o
    0x08000bbc   0x08000bbc   0x0000000e   Code   RO          779    .text.Campaign_Reset  campaign.o
    0x08000bca   0x08000bca   0x00000002   PAD
    0x08000bcc   0x08000bcc   0x000000be   Code   RO           31    .text.ClearBitMask  rc522.o
    0x08000c8a   0x08000c8a   0x00000002   PAD
    0x08000c8c   0x08000c8c   0x00000002   Code   RO          145    .text.DebugMon_Handler  stm32f1xx_it.o
    0x08000c8e   0x08000c8e   0x00000002   PAD
    0x08000c90   0x08000c90   0x00000010   Code   RO          656    .text.HAL_Buttonback  button.o
    0x08000ca0   0x08000ca0   0x00000010   Code   RO          652    .text.HAL_Buttondown  button.o
    0x08000cb0   0x08000cb0   0x00000010   Code   RO          654    .text.HAL_Buttonselect  button.o
    0x08000cc0   0x08000cc0   0x00000010   Code   RO          650    .text.HAL_Buttonup  button.o
    0x08000cd0   0x08000cd0   0x00000028   Code   RO          320    .text.HAL_Delay     stm32f1xx_hal.o
    0x08000cf8   0x08000cf8   0x0000020e   Code   RO          412    .text.HAL_GPIO_Init  stm32f1xx_hal_gpio.o
    0x08000f06   0x08000f06   0x00000002   PAD
    0x08000f08   0x08000f08   0x0000000a   Code   RO          416    .text.HAL_GPIO_ReadPin  stm32f1xx_hal_gpio.o
    0x08000f12   0x08000f12   0x00000002   PAD
    0x08000f14   0x08000f14   0x0000000a   Code   RO          418    .text.HAL_GPIO_WritePin  stm32f1xx_hal_gpio.o
    0x08000f1e   0x08000f1e   0x00000002   PAD
    0x08000f20   0x08000f20   0x0000000c   Code   RO          312    .text.HAL_GetTick   stm32f1xx_hal.o
    0x08000f2c   0x08000f2c   0x0000001a   Code   RO          310    .text.HAL_IncTick   stm32f1xx_hal.o
    0x08000f46   0x08000f46   0x00000002   PAD
    0x08000f48   0x08000f48   0x00000026   Code   RO          300    .text.HAL_Init      stm32f1xx_hal.o
    0x08000f6e   0x08000f6e   0x00000002   PAD
    0x08000f70   0x08000f70   0x00000048   Code   RO          302    .text.HAL_InitTick  stm32f1xx_hal.o
    0x08000fb8   0x08000fb8   0x00000042   Code   RO          158    .text.HAL_MspInit   stm32f1xx_hal_msp.o
    0x08000ffa   0x08000ffa   0x00000002   PAD
    0x08000ffc   0x08000ffc   0x00000056   Code   RO          470    .text.HAL_NVIC_SetPriority  stm32f1xx_hal_cortex.o
    0x08001052   0x08001052   0x00000002   PAD
    0x08001054   0x08001054   0x00000020   Code   RO          468    .text.HAL_NVIC_SetPriorityGrouping  stm32f1xx_hal_cortex.o
    0x08001074   0x08001074   0x000001ba   Code   RO          364    .text.HAL_RCC_ClockConfig  stm32f1xx_hal_rcc.o
    0x0800122e   0x0800122e   0x00000002   PAD
    0x08001230   0x08001230   0x00000400   Code   RO          362    .text.HAL_RCC_OscConfig  stm32f1xx_hal_rcc.o
    0x08001630   0x08001630   0x000000a8   Code   RO          186    .text.HAL_SPI_Init  stm32f1xx_hal_spi.o
    0x080016d8   0x080016d8   0x000000cc   Code   RO          160    .text.HAL_SPI_MspInit  stm32f1xx_hal_msp.o
    0x080017a4   0x080017a4   0x000001fa   Code   RO          194    .text.HAL_SPI_Transmit  stm32f1xx_hal_spi.o
    0x0800199e   0x0800199e   0x00000002   PAD
    0x080019a0   0x080019a0   0x000002d2   Code   RO          198    .text.HAL_SPI_TransmitReceive  stm32f1xx_hal_spi.o
    0x08001c72   0x08001c72   0x00000002   PAD
    0x08001c74   0x08001c74   0x0000002c   Code   RO          480    .text.HAL_SYSTICK_Config  stm32f1xx_hal_cortex.o
    0x08001ca0   0x08001ca0   0x000000e4   Code   RO          648    .text.HAL_ScanButtons  button.o
    0x08001d84   0x08001d84   0x00000002   Code   RO          135    .text.HardFault_Handler  stm32f1xx_it.o
    0x08001d86   0x08001d86   0x00000002   PAD
    0x08001d88   0x08001d88   0x0000007e   Code   RO          707    .text.LCD_Action    lcd.o
    0x08001e06   0x08001e06   0x00000002   PAD
    0x08001e08   0x08001e08   0x0000011e   Code   RO          713    .text.LCD_AttackEffect  lcd.o
    0x08001f26   0x08001f26   0x00000002   PAD
    0x08001f28   0x08001f28   0x000000d4   Code   RO          727    .text.LCD_DeselectAction  lcd.o
    0x08001ffc   0x08001ffc   0x0000006c   Code   RO          699    .text.LCD_DeselectBattleSkill  lcd.o
    0x08002068   0x08002068   0x000000d4   Code   RO          723    .text.LCD_DeselectMode  lcd.o
    0x0800213c   0x0800213c   0x00000060   Code   RO          739    .text.LCD_DeselectOption  lcd.o
    0x0800219c   0x0800219c   0x00000080   Code   RO          733    .text.LCD_DeselectPotion  lcd.o
    0x0800221c   0x0800221c   0x000000a4   Code   RO          677    .text.LCD_DeselectShop  lcd.o
    0x080022c0   0x080022c0   0x000000b0   Code   RO          695    .text.LCD_DeselectShopPotion  lcd.o
    0x08002370   0x08002370   0x0000009e   Code   RO          689    .text.LCD_DeselectShopStats  lcd.o
    0x0800240e   0x0800240e   0x00000002   PAD
    0x08002410   0x08002410   0x0000010c   Code   RO          741    .text.LCD_DrawCampaignMap  lcd.o
    0x0800251c   0x0800251c   0x000000d4   Code   RO          735    .text.LCD_DrawEndPage  lcd.o
    0x080025f0   0x080025f0   0x00000154   Code   RO          719    .text.LCD_DrawEndlessMap  lcd.o
    0x08002744   0x08002744   0x00000082   Code   RO          717    .text.LCD_DrawHealthBar  lcd.o
    0x080027c6   0x080027c6   0x00000002   PAD
    0x080027c8   0x080027c8   0x000000a0   Code   RO          669    .text.LCD_DrawMenuGame  lcd.o
    0x08002868   0x08002868   0x00000064   Code   RO          709    .text.LCD_DrawMonsterAppearance  lcd.o
    0x080028cc   0x080028cc   0x00000060   Code   RO          711    .text.LCD_DrawPlayerAppearance  lcd.o
    0x0800292c   0x0800292c   0x000000e4   Code   RO          729    .text.LCD_DrawPotionMenu  lcd.o
    0x08002a10   0x08002a10   0x000000ae   Code   RO          673    .text.LCD_DrawShopMenu  lcd.o
    0x08002abe   0x08002abe   0x00000002   PAD
    0x08002ac0   0x08002ac0   0x00000194   Code   RO          691    .text.LCD_DrawShopPotionMenu  lcd.o
    0x08002c54   0x08002c54   0x00000126   Code   RO          685    .text.LCD_DrawShopStats  lcd.o
    0x08002d7a   0x08002d7a   0x00000002   PAD
    0x08002d7c   0x08002d7c   0x00000088   Code   RO          671    .text.LCD_DrawSkillMenu  lcd.o
    0x08002e04   0x08002e04   0x000000d8   Code   RO          715    .text.LCD_DrawStats  lcd.o
    0x08002edc   0x08002edc   0x00000090   Code   RO          705    .text.LCD_DrawWaitingDisplay  lcd.o
    0x08002f6c   0x08002f6c   0x000000d4   Code   RO          725    .text.LCD_SelectAction  lcd.o
    0x08003040   0x08003040   0x0000006c   Code   RO          697    .text.LCD_SelectBattleSkill  lcd.o
    0x080030ac   0x080030ac   0x000000d4   Code   RO          721    .text.LCD_SelectMode  lcd.o
    0x08003180   0x08003180   0x00000060   Code   RO          737    .text.LCD_SelectOption  lcd.o
    0x080031e0   0x080031e0   0x000000b4   Code   RO          731    .text.LCD_SelectPotion  lcd.o
    0x08003294   0x08003294   0x000000a4   Code   RO          675    .text.LCD_SelectShop  lcd.o
    0x08003338   0x08003338   0x000000b0   Code   RO          693    .text.LCD_SelectShopPotion  lcd.o
    0x080033e8   0x080033e8   0x0000009e   Code   RO          687    .text.LCD_SelectShopStats  lcd.o
    0x08003486   0x08003486   0x00000002   PAD
    0x08003488   0x08003488   0x0000009e   Code   RO           45    .text.MFRC522_Anticoll  rc522.o
    0x08003526   0x08003526   0x00000002   PAD
    0x08003528   0x08003528   0x00000290   Code   RO           39    .text.MFRC522_Init  rc522.o
    0x080037b8   0x080037b8   0x0000008c   Code   RO           43    .text.MFRC522_Request  rc522.o
    0x08003844   0x08003844   0x000003d0   Code   RO           41    .text.MFRC522_ToCard  rc522.o
    0x08003c14   0x08003c14   0x00000002   Code   RO          137    .text.MemManage_Handler  stm32f1xx_it.o
    0x08003c16   0x08003c16   0x00000002   PAD
    0x08003c18   0x08003c18   0x00000002   Code   RO          765    .text.Monster_AttackPlayer  monster.o
    0x08003c1a   0x08003c1a   0x00000002   PAD
    0x08003c1c   0x08003c1c   0x0000000c   Code   RO          761    .text.Monster_GetAttackDamage  monster.o
    0x08003c28   0x08003c28   0x00000012   Code   RO          763    .text.Monster_TakeDamage  monster.o
    0x08003c3a   0x08003c3a   0x00000002   PAD
    0x08003c3c   0x08003c3c   0x00000002   Code   RO          133    .text.NMI_Handler   stm32f1xx_it.o
    0x08003c3e   0x08003c3e   0x00000002   PAD
    0x08003c40   0x08003c40   0x00000002   Code   RO          147    .text.PendSV_Handler  stm32f1xx_it.o
    0x08003c42   0x08003c42   0x00000002   PAD
    0x08003c44   0x08003c44   0x0000000a   Code   RO          807    .text.Player_AttackMonster  player.o
    0x08003c4e   0x08003c4e   0x00000002   PAD
    0x08003c50   0x08003c50   0x00000026   Code   RO          815    .text.Player_Counter  player.o
    0x08003c76   0x08003c76   0x00000002   PAD
    0x08003c78   0x08003c78   0x00000012   Code   RO          811    .text.Player_Freeze  player.o
    0x08003c8a   0x08003c8a   0x00000002   PAD
    0x08003c8c   0x08003c8c   0x000001d8   Code   RO          795    .text.Player_GainExp  player.o
    0x08003e64   0x08003e64   0x00000008   Code   RO          797    .text.Player_GainGold  player.o
    0x08003e6c   0x08003e6c   0x00000040   Code   RO          801    .text.Player_GetAttackDamage  player.o
    0x08003eac   0x08003eac   0x0000001e   Code   RO          813    .text.Player_GetCounterState  player.o
    0x08003eca   0x08003eca   0x00000002   PAD
    0x08003ecc   0x08003ecc   0x00000024   Code   RO          803    .text.Player_GetDamageAfterDefense  player.o
    0x08003ef0   0x08003ef0   0x00000012   Code   RO          805    .text.Player_TakeDamage  player.o
    0x08003f02   0x08003f02   0x00000002   PAD
    0x08003f04   0x08003f04   0x00000028   Code   RO          799    .text.Player_UsePotion  player.o
    0x08003f2c   0x08003f2c   0x0000002a   Code   RO          752    .text.Rfid_TryReadUid  rfid.o
    0x08003f56   0x08003f56   0x00000002   PAD
    0x08003f58   0x08003f58   0x00000120   Code   RO          290    .text.SPI_WaitFlagStateUntilTimeout  stm32f1xx_hal_spi.o
    0x08004078   0x08004078   0x00000140   Code   RO           85    .text.ST7789_DrawCircle  st7789.o
    0x080041b8   0x080041b8   0x00000086   Code   RO           95    .text.ST7789_DrawFilledRectangle  st7789.o
    0x0800423e   0x0800423e   0x00000002   PAD
    0x08004240   0x08004240   0x000000c0   Code   RO           81    .text.ST7789_DrawLine  st7789.o
    0x08004300   0x08004300   0x00000078   Code   RO           75    .text.ST7789_DrawPixel  st7789.o
    0x08004378   0x08004378   0x0000006a   Code   RO           83    .text.ST7789_DrawRectangle  st7789.o
    0x080043e2   0x080043e2   0x00000002   PAD
    0x080043e4   0x080043e4   0x000000c4   Code   RO           77    .text.ST7789_Fill   st7789.o
    0x080044a8   0x080044a8   0x0000009a   Code   RO           71    .text.ST7789_Fill_Color  st7789.o
    0x08004542   0x08004542   0x00000002   PAD
    0x08004544   0x08004544   0x000006a6   Code   RO           69    .text.ST7789_Init   st7789.o
    0x08004bea   0x08004bea   0x00000002   PAD
    0x08004bec   0x08004bec   0x00000166   Code   RO           73    .text.ST7789_SetAddressWindow  st7789.o
    0x08004d52   0x08004d52   0x00000002   PAD
    0x08004d54   0x08004d54   0x00000108   Code   RO           91    .text.ST7789_WriteChar  st7789.o
    0x08004e5c   0x08004e5c   0x00000092   Code   RO           93    .text.ST7789_WriteString  st7789.o
    0x08004eee   0x08004eee   0x00000002   PAD
    0x08004ef0   0x08004ef0   0x00000002   Code   RO          143    .text.SVC_Handler   stm32f1xx_it.o
    0x08004ef2   0x08004ef2   0x00000002   PAD
    0x08004ef4   0x08004ef4   0x000000be   Code   RO           29    .text.SetBitMask    rc522.o
    0x08004fb2   0x08004fb2   0x00000002   PAD
    0x08004fb4   0x08004fb4   0x00000028   Code   RO          791    .text.Skill_Unlocked  player.o
    0x08004fdc   0x08004fdc   0x0000000e   Code   RO          149    .text.SysTick_Handler  stm32f1xx_it.o
    0x08004fea   0x08004fea   0x00000002   PAD
    0x08004fec   0x08004fec   0x00000002   Code   RO          633    .text.SystemInit    system_stm32f1xx.o
    0x08004fee   0x08004fee   0x00000002   PAD
    0x08004ff0   0x08004ff0   0x0000005a   Code   RO          893    .text.UI_BackBattleSkillMenu  ui.o
    0x0800504a   0x0800504a   0x00000002   PAD
    0x0800504c   0x0800504c   0x00000026   Code   RO          895    .text.UI_BackMenuGame  ui.o
    0x08005072   0x08005072   0x00000002   PAD
    0x08005074   0x08005074   0x0000005a   Code   RO          887    .text.UI_BackPotionMenu  ui.o
    0x080050ce   0x080050ce   0x00000002   PAD
    0x080050d0   0x080050d0   0x00000070   Code   RO          891    .text.UI_BackShopMenu  ui.o
    0x08005140   0x08005140   0x00000184   Code   RO          861    .text.UI_BattleEnd  ui.o
    0x080052c4   0x080052c4   0x000001d6   Code   RO          859    .text.UI_BattlePage  ui.o
    0x0800549a   0x0800549a   0x00000002   PAD
    0x0800549c   0x0800549c   0x0000013c   Code   RO          879    .text.UI_BuyPotion  ui.o
    0x080055d8   0x080055d8   0x0000016c   Code   RO          889    .text.UI_ConfirmBattleSkill  ui.o
    0x08005744   0x08005744   0x000000f6   Code   RO          877    .text.UI_ConfirmBuyStats  ui.o
    0x0800583a   0x0800583a   0x00000002   PAD
    0x0800583c   0x0800583c   0x000000d2   Code   RO          863    .text.UI_ConfirmMode  ui.o
    0x0800590e   0x0800590e   0x00000002   PAD
    0x08005910   0x08005910   0x00000194   Code   RO          885    .text.UI_ConfirmPotion  ui.o
    0x08005aa4   0x08005aa4   0x00000170   Code   RO          869    .text.UI_ConfirmShopMenu  ui.o
    0x08005c14   0x08005c14   0x000000a2   Code   RO          849    .text.UI_GameOverPage  ui.o
    0x08005cb6   0x08005cb6   0x00000002   PAD
    0x08005cb8   0x08005cb8   0x000000da   Code   RO          835    .text.UI_HandleWaitingForRfidCard  ui.o
    0x08005d92   0x08005d92   0x00000002   PAD
    0x08005d94   0x08005d94   0x000000b4   Code   RO          841    .text.UI_MonsterStats  ui.o
    0x08005e48   0x08005e48   0x00000050   Code   RO          837    .text.UI_MoveAction  ui.o
    0x08005e98   0x08005e98   0x0000005e   Code   RO          881    .text.UI_MoveBattleSkill  ui.o
    0x08005ef6   0x08005ef6   0x00000002   PAD
    0x08005ef8   0x08005ef8   0x000000ce   Code   RO          871    .text.UI_MoveBuyPotion  ui.o
    0x08005fc6   0x08005fc6   0x00000002   PAD
    0x08005fc8   0x08005fc8   0x000000c8   Code   RO          873    .text.UI_MoveBuyStats  ui.o
    0x08006090   0x08006090   0x00000050   Code   RO          865    .text.UI_MoveMode   ui.o
    0x080060e0   0x080060e0   0x00000050   Code   RO          851    .text.UI_MoveOption  ui.o
    0x08006130   0x08006130   0x0000010e   Code   RO          883    .text.UI_MovePotionMenu  ui.o
    0x0800623e   0x0800623e   0x00000002   PAD
    0x08006240   0x08006240   0x0000005e   Code   RO          867    .text.UI_MoveShopMenu  ui.o
    0x0800629e   0x0800629e   0x00000002   PAD
    0x080062a0   0x080062a0   0x000000cc   Code   RO          839    .text.UI_PlayerStats  ui.o
    0x0800636c   0x0800636c   0x000000b8   Code   RO          847    .text.UI_ResetStat  ui.o
    0x08006424   0x08006424   0x0000008e   Code   RO          855    .text.UI_ShowCampaign  ui.o
    0x080064b2   0x080064b2   0x00000002   PAD
    0x080064b4   0x080064b4   0x000000dc   Code   RO          853    .text.UI_ShowEndless  ui.o
    0x08006590   0x08006590   0x00000270   Code   RO          845    .text.UI_ShowSetting  ui.o
    0x08006800   0x08006800   0x00000002   Code   RO          141    .text.UsageFault_Handler  stm32f1xx_it.o
    0x08006802   0x08006802   0x00000002   PAD
    0x08006804   0x08006804   0x00000066   Code   RO          941    .text.User_FindUid  user.o
    0x0800686a   0x0800686a   0x00000002   PAD
    0x0800686c   0x0800686c   0x000002ac   Code   RO          116    .text.main          main.o
    0x08006b18   0x08006b18   0x0000000e   Code   RO         1006    i._is_digit         c_w.l(__printf_wp.o)
    0x08006b26   0x08006b26   0x00000002   PAD
    0x08006b28   0x08006b28   0x0000002c   Code   RO         1127    locale$$code        c_w.l(lc_ctype_c.o)
    0x08006b54   0x08006b54   0x00000008   Data   RO          967    .constdata          c_w.l(_printf_wctomb.o)
    0x08006b5c   0x08006b5c   0x00000028   Data   RO          979    .constdata          c_w.l(_printf_hex_int.o)
    0x08006b84   0x08006b84   0x00000011   Data   RO         1014    .constdata          c_w.l(__printf_flags_ss_wp.o)
    0x08006b95   0x08006b95   0x00000010   Data   RO          638    .rodata.AHBPrescTable  system_stm32f1xx.o
    0x08006ba5   0x08006ba5   0x00000001   PAD
    0x08006ba6   0x08006ba6   0x00000d5c   Data   RO           16    .rodata.Font11x18   fonts.o
    0x08007902   0x08007902   0x0000134c   Data   RO           17    .rodata.Font16x26   fonts.o
    0x08008c4e   0x08008c4e   0x0000076c   Data   RO           12    .rodata.Font7x10    fonts.o
    0x080093ba   0x080093ba   0x00000002   Data   RO          389    .rodata.HAL_RCC_GetSysClockFreq.aPredivFactorTable  stm32f1xx_hal_rcc.o
    0x080093bc   0x080093bc   0x00000010   Data   RO          388    .rodata.cst16       stm32f1xx_hal_rcc.o
    0x080093cc   0x080093cc   0x0000015c   Data   RO          743    .rodata.str1.1      lcd.o
    0x08009528   0x08009528   0x00000045   Data   RO          899    .rodata.str1.1      ui.o
    0x0800956d   0x0800956d   0x00000003   PAD
    0x08009570   0x08009570   0x00000020   Data   RO         1224    Region$$Table       anon$$obj.o
    0x08009590   0x08009590   0x00000110   Data   RO         1126    locale$$data        c_w.l(lc_ctype_c.o)


    Execution Region RW_IRAM1 (Exec base: 0x20000000, Load base: 0x080096a0, Size: 0x00000fd0, Max: 0x00005000, ABSOLUTE, COMPRESSED[0x000002f0])

    Exec Addr    Load Addr    Size         Type   Attr      Idx    E Section Name        Object

    0x20000000   COMPRESSED   0x00000008   Data   RW          351    .data..L_MergedGlobals  stm32f1xx_hal.o
    0x20000008   COMPRESSED   0x00000011   Data   RW          658    .data..L_MergedGlobals  button.o
    0x20000019   COMPRESSED   0x00000003   PAD
    0x2000001c   COMPRESSED   0x0000006c   Data   RW          822    .data..L_MergedGlobals  player.o
    0x20000088   COMPRESSED   0x00000009   Data   RW          900    .data..L_MergedGlobals  ui.o
    0x20000091   COMPRESSED   0x00000033   Data   RW          943    .data..L_MergedGlobals  user.o
    0x200000c4   COMPRESSED   0x00000008   Data   RW           14    .data.Font_11x18    fonts.o
    0x200000cc   COMPRESSED   0x00000008   Data   RW           15    .data.Font_16x26    fonts.o
    0x200000d4   COMPRESSED   0x00000008   Data   RW           13    .data.Font_7x10     fonts.o
    0x200000dc   COMPRESSED   0x00000004   Data   RW          637    .data.SystemCoreClock  system_stm32f1xx.o
    0x200000e0   COMPRESSED   0x000000cd   Data   RW          782    .data.campaign      campaign.o
    0x200001ad   COMPRESSED   0x00000001   Data   RW          783    .data.campaign_state_count  campaign.o
    0x200001ae   COMPRESSED   0x00000001   Data   RW          768    .data.monster_count  monster.o
    0x200001af   COMPRESSED   0x00000001   PAD
    0x200001b0   COMPRESSED   0x00000500   Data   RW          767    .data.monster_list  monster.o
    0x200006b0   COMPRESSED   0x00000001   Data   RW          897    .data.select_mode   ui.o
    0x200006b1   COMPRESSED   0x00000007   PAD
    0x200006b8        -       0x000000e4   Zero   RW         1027    .bss                c_w.l(rand.o)
    0x2000079c        -       0x00000060   Zero   RW         1146    .bss                c_w.l(libspace.o)
    0x200007fc        -       0x00000014   Zero   RW          659    .bss..L_MergedGlobals.1  button.o
    0x20000810        -       0x0000007c   Zero   RW          901    .bss..L_MergedGlobals.27  ui.o
    0x2000088c        -       0x0000001c   Zero   RW          932    .bss.current_battle  battle.o
    0x200008a8        -       0x00000001   Zero   RW          781    .bss.current_state  campaign.o
    0x200008a9   COMPRESSED   0x00000003   PAD
    0x200008ac        -       0x00000068   Zero   RW          898    .bss.endless_players  ui.o
    0x20000914        -       0x00000058   Zero   RW          122    .bss.hspi1          main.o
    0x2000096c        -       0x00000058   Zero   RW          123    .bss.hspi2          main.o
    0x200009c4        -       0x00000002   Zero   RW          821    .bss.player_counter_temp_damage  player.o
    0x200009c6        -       0x00000001   Zero   RW          820    .bss.player_freeze_temp  player.o
    0x200009c7   COMPRESSED   0x00000001   PAD
    0x200009c8        -       0x00000004   Zero   RW          350    .bss.uwTick         stm32f1xx_hal.o
    0x200009cc   COMPRESSED   0x00000004   PAD
    0x200009d0        -       0x00000200   Zero   RW            2    HEAP                startup_stm32f103xb.o
    0x20000bd0        -       0x00000400   Zero   RW            1    STACK               startup_stm32f103xb.o


==============================================================================

Image component sizes


      Code (inc. data)   RO Data    RW Data    ZI Data      Debug   Object Name

       416          0          0          0         28       3740   battle.o
       292          0          0         17         20       2749   button.o
        46          0          0        206          1       1003   campaign.o
         0          0      10260         24          0        943   fonts.o
      5874        274        348          0          0      14019   lcd.o
       684         12          0          0        176       7000   main.o
        32          0          0       1281          0       1511   monster.o
       774          0          0        108          3       6003   player.o
      2310          0          0          0          0      13575   rc522.o
        42          0          0          0          0        793   rfid.o
      3692          0          0          0          0      30171   st7789.o
        64         26        236          0       1536        780   startup_stm32f103xb.o
       188          0          0          8          4       5806   stm32f1xx_hal.o
       162          0          0          0          0       8461   stm32f1xx_hal_cortex.o
       546         22          0          0          0       4803   stm32f1xx_hal_gpio.o
       270          0          0          0          0       4729   stm32f1xx_hal_msp.o
      1466          0         18          0          0       8114   stm32f1xx_hal_rcc.o
      1684          0          0          0          0      23601   stm32f1xx_hal_spi.o
        30          0          0          0          0       1148   stm32f1xx_it.o
         2          0         16          4          0       1625   system_stm32f1xx.o
      6134        238         69         10        228      14253   ui.o
       102          0          0         51          0       1163   user.o

    ----------------------------------------------------------------------
     24936        572      10983       1716       2008     155990   Object Totals
         0          0         32          0          0          0   (incl. Generated)
       126          0          4          7         12          0   (incl. Padding)

    ----------------------------------------------------------------------

      Code (inc. data)   RO Data    RW Data    ZI Data      Debug   Library Member Name

        90          0          0          0          0          0   __dczerorl2.o
         8          0          0          0          0         68   __main.o
       392          4         17          0          0         92   __printf_flags_ss_wp.o
        14          0          0          0          0         68   __printf_wp.o
         0          0          0          0          0          0   __rtentry.o
        12          0          0          0          0          0   __rtentry2.o
         6          0          0          0          0          0   __rtentry4.o
        94          8          0          0          0          0   __scatter.o
        28          0          0          0          0          0   __scatter_zi.o
        72          0          0          0          0         96   _c16rtomb.o
         6          0          0          0          0          0   _printf_c.o
        44          0          0          0          0        108   _printf_char.o
        48          6          0          0          0         96   _printf_char_common.o
         6          0          0          0          0          0   _printf_d.o
       120         16          0          0          0         92   _printf_dec.o
        88          4         40          0          0         88   _printf_hex_int.o
         6          0          0          0          0          0   _printf_i.o
       178          0          0          0          0         88   _printf_intcommon.o
        10          0          0          0          0          0   _printf_l.o
         6          0          0          0          0          0   _printf_lc.o
         6          0          0          0          0          0   _printf_o.o
        84         10          0          0          0         88   _printf_oct_int.o
        78          0          0          0          0        108   _printf_pad.o
         0          0          0          0          0          0   _printf_percent.o
         4          0          0          0          0          0   _printf_percent_end.o
         6          0          0          0          0          0   _printf_s.o
        82          0          0          0          0         80   _printf_str.o
        36          0          0          0          0         84   _printf_truncate.o
         6          0          0          0          0          0   _printf_u.o
        44          0          0          0          0        108   _printf_wchar.o
       188          6          8          0          0         92   _printf_wctomb.o
         6          0          0          0          0          0   _printf_x.o
        10          0          0          0          0         68   _sputc.o
        18          0          0          0          0         80   exit.o
         6          0          0          0          0        152   heapauxi.o
         0          0          0          0          0          0   indicate_semi.o
        44         10        272          0          0         76   lc_ctype_c.o
         2          0          0          0          0          0   libinit.o
        24          0          0          0          0          0   libinit2.o
         2          0          0          0          0          0   libshutdown.o
         2          0          0          0          0          0   libshutdown2.o
         8          4          0          0         96         68   libspace.o
        40          6          0          0          0         84   noretval__2sprintf.o
       112         18          0          0        228        160   rand.o
        16          4          0          0          0         76   rt_ctype_table.o
         8          4          0          0          0         68   rt_locale_intlibspace.o
         2          0          0          0          0          0   rtexit.o
        10          0          0          0          0          0   rtexit2.o
       128          0          0          0          0         68   strcmpv7m.o
        12          4          0          0          0         68   sys_exit.o
        74          0          0          0          0         80   sys_stackheap_outer.o
         2          0          0          0          0         68   use_no_semi.o

    ----------------------------------------------------------------------
      2304        104        337          0        324       2472   Library Totals
        16          0          0          0          0          0   (incl. Padding)

    ----------------------------------------------------------------------

      Code (inc. data)   RO Data    RW Data    ZI Data      Debug   Library Name

      2288        104        337          0        324       2472   c_w.l

    ----------------------------------------------------------------------
      2304        104        337          0        324       2472   Library Totals

    ----------------------------------------------------------------------

==============================================================================


      Code (inc. data)   RO Data    RW Data    ZI Data      Debug   

     27240        676      11320       1716       2332     156898   Grand Totals
     27240        676      11320        752       2332     156898   ELF Image Totals (compressed)
     27240        676      11320        752          0          0   ROM Totals

==============================================================================

    Total RO  Size (Code + RO Data)                38560 (  37.66kB)
    Total RW  Size (RW Data + ZI Data)              4048 (   3.95kB)
    Total ROM Size (Code + RO Data + RW Data)      39312 (  38.39kB)

==============================================================================

